<html>
<body>
<pre>
<h1>µVision Build Log</h1>
<h2>Tool Versions:</h2>
IDE-Version: ¦ÌVision V5.25.3.0
Copyright (C) 2018 ARM Ltd and ARM Germany GmbH. All rights reserved.
License Information: 1 1, 1, LIC=VGXG8-3YWIB-9UA4U-SYV76-58IHZ-KGFWJ
 
Tool Versions:
Toolchain:       MDK-ARM Plus  Version: 5.14.0.0
Toolchain Path:  D:\keil 5\ARM\ARMCC\Bin
C Compiler:      Armcc.exe V5.05 update 1 (build 106)
Assembler:       Armasm.exe V5.05 update 1 (build 106)
Linker/Locator:  ArmLink.exe V5.05 update 1 (build 106)
Library Manager: ArmAr.exe V5.05 update 1 (build 106)
Hex Converter:   FromElf.exe V5.05 update 1 (build 106)
CPU DLL:         SARMCM3.DLL V5.14.0.0
Dialog DLL:      DARMCM1.DLL V1.12.0.0
Target DLL:      CMSIS_AGDI.dll V1.21.0.0
Dialog DLL:      TARMCM1.DLL V1.9.0.0
 
<h2>Project:</h2>
G:\analogic\new test\GPIO _1_RTL\keil_1\MDKprj\test.uvprojx
Project File Date:  03/12/2023

<h2>Output:</h2>
*** Using Compiler 'V5.05 update 1 (build 106)', folder: 'D:\keil 5\ARM\ARMCC\Bin'
Rebuild target 'Target 1'
assembling startup_ARMCM0.s...
compiling gpio.c...
compiling code_def.c...
compiling systick.c...
compiling system_ARMCM0.c...
compiling lcd.c...
compiling main.c...
linking...
Program Size: Code=14396 RO-data=6304 RW-data=344 ZI-data=2664  
FromELF: creating hex file...
".\Objects\test.axf" - 0 Error(s), 0 Warning(s).

<h2>Software Packages used:</h2>

Package Vendor: ARM
                http://www.keil.com/pack/ARM.CMSIS.4.2.0.pack
                ARM.CMSIS.4.2.0
                CMSIS (Cortex Microcontroller Software Interface Standard)
   * Component: CORE Version: 3.40.0
   * Component: Startup Version: 1.0.1

<h2>Collection of Component include folders:</h2>
  .\RTE\_Target_1
  D:\keil 5\ARM\PACK\ARM\CMSIS\4.2.0\CMSIS\Include
  D:\keil 5\ARM\PACK\ARM\CMSIS\4.2.0\Device\ARM\ARMCM0\Include

<h2>Collection of Component Files used:</h2>

   * Component: ARM::CMSIS:CORE:3.40.0
      Source file:   CMSIS\UserCodeTemplates\ARM\ITM_Retarget.c

   * Component: ARM::Device:Startup:1.0.1
      Include file:  Device\ARM\ARMCM0\Include\ARMCM0.h
      Source file:   Device\ARM\ARMCM0\Source\system_ARMCM0.c
      Source file:   Device\ARM\ARMCM0\Source\ARM\startup_ARMCM0.s
Build Time Elapsed:  00:00:01
</pre>
</body>
</html>
