Component: ARM Compiler 5.06 update 7 (build 960) Tool: armlink [4d3601]

==============================================================================

Section Cross References

    code_def.o(i.SYSInit) refers to systick.o(i.Set_SysTick_CTRL) for Set_SysTick_CTRL
    code_def.o(i.UARTHandle) refers to code_def.o(i.ReadUART) for ReadUART
    code_def.o(i.UARTHandle) refers to code_def.o(i.UARTString) for UARTString
    code_def.o(i.UARTHandle) refers to code_def.o(i.WriteUART) for WriteUART
    code_def.o(i.UARTString) refers to code_def.o(i.WriteUART) for WriteUART
    code_def.o(i.UARTString) refers to strlen.o(.text) for strlen
    code_def.o(i.WriteUART) refers to code_def.o(i.ReadUARTState) for ReadUARTState
    code_def.o(i.delay) refers to systick.o(i.Set_SysTick_CTRL) for Set_SysTick_CTRL
    code_def.o(i.delay) refers to systick.o(i.Set_SysTick_LOAD) for Set_SysTick_LOAD
    code_def.o(i.delay) refers to systick.o(i.Set_SysTick_VALUE) for Set_SysTick_VALUE
    lcd.o(i.LCD_Clear) refers to lcd.o(i.LCD_SetCursor) for LCD_SetCursor
    lcd.o(i.LCD_Clear) refers to lcd.o(i.LCD_WriteRAM_Prepare) for LCD_WriteRAM_Prepare
    lcd.o(i.LCD_Clear) refers to lcd.o(i.MakeData) for MakeData
    lcd.o(i.LCD_Clear) refers to lcd.o(.bss) for lcddev
    lcd.o(i.LCD_Color_Fill) refers to lcd.o(i.LCD_SetCursor) for LCD_SetCursor
    lcd.o(i.LCD_Color_Fill) refers to lcd.o(i.LCD_WriteRAM_Prepare) for LCD_WriteRAM_Prepare
    lcd.o(i.LCD_Color_Fill) refers to lcd.o(i.MakeData) for MakeData
    lcd.o(i.LCD_DisplayOff) refers to lcd.o(i.LCD_WR_REG) for LCD_WR_REG
    lcd.o(i.LCD_DisplayOn) refers to lcd.o(i.LCD_WR_REG) for LCD_WR_REG
    lcd.o(i.LCD_Display_Dir) refers to lcd.o(i.LCD_Scan_Dir) for LCD_Scan_Dir
    lcd.o(i.LCD_Display_Dir) refers to lcd.o(.bss) for lcddev
    lcd.o(i.LCD_DrawLine) refers to lcd.o(i.LCD_DrawPoint) for LCD_DrawPoint
    lcd.o(i.LCD_DrawPoint) refers to lcd.o(i.LCD_SetCursor) for LCD_SetCursor
    lcd.o(i.LCD_DrawPoint) refers to lcd.o(i.LCD_WriteRAM_Prepare) for LCD_WriteRAM_Prepare
    lcd.o(i.LCD_DrawPoint) refers to lcd.o(i.MakeData) for MakeData
    lcd.o(i.LCD_DrawPoint) refers to lcd.o(.data) for POINT_COLOR
    lcd.o(i.LCD_DrawRectangle) refers to lcd.o(i.LCD_DrawLine) for LCD_DrawLine
    lcd.o(i.LCD_Fast_DrawPoint) refers to lcd.o(i.LCD_WR_REG) for LCD_WR_REG
    lcd.o(i.LCD_Fast_DrawPoint) refers to lcd.o(i.MakeData) for MakeData
    lcd.o(i.LCD_Fast_DrawPoint) refers to lcd.o(.bss) for lcddev
    lcd.o(i.LCD_Fill) refers to lcd.o(i.LCD_SetCursor) for LCD_SetCursor
    lcd.o(i.LCD_Fill) refers to lcd.o(i.LCD_WriteRAM_Prepare) for LCD_WriteRAM_Prepare
    lcd.o(i.LCD_Fill) refers to lcd.o(i.MakeData) for MakeData
    lcd.o(i.LCD_Init) refers to code_def.o(i.delay) for delay
    lcd.o(i.LCD_Init) refers to lcd.o(i.LCD_WriteReg) for LCD_WriteReg
    lcd.o(i.LCD_Init) refers to lcd.o(i.LCD_ReadReg) for LCD_ReadReg
    lcd.o(i.LCD_Init) refers to lcd.o(i.LCD_WR_REG) for LCD_WR_REG
    lcd.o(i.LCD_Init) refers to lcd.o(i.LCD_WR_DATAX) for LCD_WR_DATAX
    lcd.o(i.LCD_Init) refers to lcd.o(i.LCD_Display_Dir) for LCD_Display_Dir
    lcd.o(i.LCD_Init) refers to lcd.o(i.LCD_Clear) for LCD_Clear
    lcd.o(i.LCD_Init) refers to lcd.o(.bss) for lcddev
    lcd.o(i.LCD_RD_DATA) refers to lcd.o(i.ReadData) for ReadData
    lcd.o(i.LCD_RD_DATA) refers to code_def.o(i.delay) for delay
    lcd.o(i.LCD_ReadReg) refers to lcd.o(i.LCD_WR_REG) for LCD_WR_REG
    lcd.o(i.LCD_ReadReg) refers to code_def.o(i.delay) for delay
    lcd.o(i.LCD_ReadReg) refers to lcd.o(i.LCD_RD_DATA) for LCD_RD_DATA
    lcd.o(i.LCD_Scan_Dir) refers to lcd.o(i.__ARM_common_switch8) for __ARM_common_switch8
    lcd.o(i.LCD_Scan_Dir) refers to lcd.o(i.LCD_WriteReg) for LCD_WriteReg
    lcd.o(i.LCD_Scan_Dir) refers to lcd.o(i.LCD_WR_REG) for LCD_WR_REG
    lcd.o(i.LCD_Scan_Dir) refers to lcd.o(i.MakeData) for MakeData
    lcd.o(i.LCD_Scan_Dir) refers to lcd.o(.bss) for lcddev
    lcd.o(i.LCD_SetCursor) refers to lcd.o(i.LCD_WR_REG) for LCD_WR_REG
    lcd.o(i.LCD_SetCursor) refers to lcd.o(i.MakeData) for MakeData
    lcd.o(i.LCD_SetCursor) refers to lcd.o(.bss) for lcddev
    lcd.o(i.LCD_Set_Window) refers to lcd.o(i.LCD_WR_REG) for LCD_WR_REG
    lcd.o(i.LCD_Set_Window) refers to lcd.o(i.MakeData) for MakeData
    lcd.o(i.LCD_Set_Window) refers to lcd.o(.bss) for lcddev
    lcd.o(i.LCD_ShowChar) refers to lcd.o(i.LCD_Fast_DrawPoint) for LCD_Fast_DrawPoint
    lcd.o(i.LCD_ShowChar) refers to lcd.o(.constdata) for asc2_1206
    lcd.o(i.LCD_ShowChar) refers to lcd.o(.data) for POINT_COLOR
    lcd.o(i.LCD_ShowChar) refers to lcd.o(.bss) for lcddev
    lcd.o(i.LCD_ShowNum) refers to lcd.o(i.LCD_Pow) for LCD_Pow
    lcd.o(i.LCD_ShowNum) refers to aeabi_sdiv.o(.text) for __aeabi_uidivmod
    lcd.o(i.LCD_ShowNum) refers to lcd.o(i.LCD_ShowChar) for LCD_ShowChar
    lcd.o(i.LCD_ShowString) refers to lcd.o(i.LCD_ShowChar) for LCD_ShowChar
    lcd.o(i.LCD_ShowxNum) refers to lcd.o(i.LCD_Pow) for LCD_Pow
    lcd.o(i.LCD_ShowxNum) refers to aeabi_sdiv.o(.text) for __aeabi_uidivmod
    lcd.o(i.LCD_ShowxNum) refers to lcd.o(i.LCD_ShowChar) for LCD_ShowChar
    lcd.o(i.LCD_WR_DATAX) refers to code_def.o(i.delay) for delay
    lcd.o(i.LCD_WR_DATAX) refers to lcd.o(i.MakeData) for MakeData
    lcd.o(i.LCD_WR_REG) refers to code_def.o(i.delay) for delay
    lcd.o(i.LCD_WR_REG) refers to lcd.o(i.MakeData) for MakeData
    lcd.o(i.LCD_WriteRAM) refers to lcd.o(i.MakeData) for MakeData
    lcd.o(i.LCD_WriteRAM_Prepare) refers to lcd.o(i.LCD_WR_REG) for LCD_WR_REG
    lcd.o(i.LCD_WriteRAM_Prepare) refers to lcd.o(.bss) for lcddev
    lcd.o(i.LCD_WriteReg) refers to lcd.o(i.LCD_WR_REG) for LCD_WR_REG
    lcd.o(i.LCD_WriteReg) refers to lcd.o(i.MakeData) for MakeData
    main.o(i.Change) refers to lcd.o(i.__ARM_common_switch8) for __ARM_common_switch8
    main.o(i.Change) refers to main.o(i.DeletePic) for DeletePic
    main.o(i.Change) refers to main.o(i.DrawPic) for DrawPic
    main.o(i.Change_s) refers to lcd.o(i.__ARM_common_switch8) for __ARM_common_switch8
    main.o(i.Change_s) refers to main.o(i.DeletePic_s) for DeletePic_s
    main.o(i.Change_s) refers to main.o(i.DrawPic_s) for DrawPic_s
    main.o(i.Change_w) refers to lcd.o(i.__ARM_common_switch8) for __ARM_common_switch8
    main.o(i.ClearLine) refers to main.o(i.DeleteLine) for DeleteLine
    main.o(i.ClearLine) refers to main.o(i.ExchangeLine) for ExchangeLine
    main.o(i.ClearLine) refers to main.o(.data) for State
    main.o(i.Crash) refers to main.o(i.MoveDown_s) for MoveDown_s
    main.o(i.Crash) refers to main.o(i.MoveLeft_s) for MoveLeft_s
    main.o(i.Crash) refers to main.o(i.MoveRight_s) for MoveRight_s
    main.o(i.Crash) refers to main.o(i.Change_s) for Change_s
    main.o(i.Crash) refers to main.o(.data) for State
    main.o(i.DeleteBox) refers to main.o(i.DrawBox) for DrawBox
    main.o(i.DeleteBox) refers to lcd.o(i.LCD_Fill) for LCD_Fill
    main.o(i.DeleteBox) refers to main.o(.data) for mode
    main.o(i.DeleteBox) refers to main.o(.bss) for Color
    main.o(i.DeleteBox_s) refers to main.o(.data) for State
    main.o(i.DeleteLine) refers to main.o(i.DeleteBox_s) for DeleteBox_s
    main.o(i.DeleteLine) refers to main.o(i.DeleteBox) for DeleteBox
    main.o(i.DeletePic) refers to lcd.o(i.__ARM_common_switch8) for __ARM_common_switch8
    main.o(i.DeletePic) refers to main.o(i.DeleteBox) for DeleteBox
    main.o(i.DeletePic_s) refers to lcd.o(i.__ARM_common_switch8) for __ARM_common_switch8
    main.o(i.DeletePic_s) refers to main.o(i.DeleteBox_s) for DeleteBox_s
    main.o(i.DrawBox) refers to lcd.o(i.LCD_Fill) for LCD_Fill
    main.o(i.DrawBox) refers to main.o(i.SelectColor) for SelectColor
    main.o(i.DrawBox) refers to rand.o(.emb_text) for rand
    main.o(i.DrawBox) refers to aeabi_sdiv.o(.text) for __aeabi_idivmod
    main.o(i.DrawBox) refers to lcd.o(i.LCD_DrawRectangle) for LCD_DrawRectangle
    main.o(i.DrawBox) refers to lcd.o(.data) for POINT_COLOR
    main.o(i.DrawBox) refers to main.o(.data) for mode
    main.o(i.DrawBox) refers to main.o(.bss) for Color
    main.o(i.DrawBox_s) refers to main.o(.data) for State
    main.o(i.DrawPic) refers to lcd.o(i.__ARM_common_switch8) for __ARM_common_switch8
    main.o(i.DrawPic) refers to main.o(i.DrawBox) for DrawBox
    main.o(i.DrawPic_s) refers to lcd.o(i.__ARM_common_switch8) for __ARM_common_switch8
    main.o(i.DrawPic_s) refers to main.o(i.DrawBox_s) for DrawBox_s
    main.o(i.ExchangeLine) refers to main.o(i.DrawBox) for DrawBox
    main.o(i.ExchangeLine) refers to main.o(i.DrawBox_s) for DrawBox_s
    main.o(i.ExchangeLine) refers to main.o(i.DeleteBox_s) for DeleteBox_s
    main.o(i.ExchangeLine) refers to main.o(i.DeleteBox) for DeleteBox
    main.o(i.ExchangeLine) refers to main.o(.data) for State
    main.o(i.ExchangeLine) refers to main.o(.bss) for Color
    main.o(i.Explode) refers to main.o(i.DeleteBox) for DeleteBox
    main.o(i.Explode) refers to main.o(i.DeleteBox_s) for DeleteBox_s
    main.o(i.Explode) refers to main.o(.data) for State
    main.o(i.LightOff) refers to main.o(i.DrawBox) for DrawBox
    main.o(i.LightOff) refers to main.o(.bss) for Color
    main.o(i.LightOn) refers to main.o(i.DrawBox) for DrawBox
    main.o(i.LightOn) refers to main.o(.bss) for Color
    main.o(i.MoveDown) refers to main.o(i.DeletePic) for DeletePic
    main.o(i.MoveDown) refers to main.o(i.DrawPic) for DrawPic
    main.o(i.MoveDown_s) refers to main.o(i.DeletePic_s) for DeletePic_s
    main.o(i.MoveDown_s) refers to main.o(i.DrawPic_s) for DrawPic_s
    main.o(i.MoveLeft) refers to main.o(i.DeletePic) for DeletePic
    main.o(i.MoveLeft) refers to main.o(i.DrawPic) for DrawPic
    main.o(i.MoveLeft_s) refers to main.o(i.DeletePic_s) for DeletePic_s
    main.o(i.MoveLeft_s) refers to main.o(i.DrawPic_s) for DrawPic_s
    main.o(i.MoveRight) refers to main.o(i.DeletePic) for DeletePic
    main.o(i.MoveRight) refers to main.o(i.DrawPic) for DrawPic
    main.o(i.MoveRight_s) refers to main.o(i.DeletePic_s) for DeletePic_s
    main.o(i.MoveRight_s) refers to main.o(i.DrawPic_s) for DrawPic_s
    main.o(i.PicInit) refers to main.o(i.DrawBox) for DrawBox
    main.o(i.PicInit) refers to lcd.o(i.LCD_Fill) for LCD_Fill
    main.o(i.PicInit) refers to lcd.o(i.LCD_DrawRectangle) for LCD_DrawRectangle
    main.o(i.PicInit) refers to main.o(.bss) for Color
    main.o(i.PicInit) refers to main.o(.data) for State
    main.o(i.PicInit) refers to lcd.o(.data) for POINT_COLOR
    main.o(i.SelectColor) refers to lcd.o(i.__ARM_common_switch8) for __ARM_common_switch8
    main.o(i.StateInit) refers to rand.o(.emb_text) for rand
    main.o(i.StateInit) refers to aeabi_sdiv.o(.text) for __aeabi_idivmod
    main.o(i.StateInit) refers to main.o(.data) for mode
    main.o(i.main) refers to code_def.o(i.SYSInit) for SYSInit
    main.o(i.main) refers to code_def.o(i.delay) for delay
    main.o(i.main) refers to lcd.o(i.LCD_Init) for LCD_Init
    main.o(i.main) refers to lcd.o(i.LCD_Clear) for LCD_Clear
    main.o(i.main) refers to lcd.o(i.LCD_ShowString) for LCD_ShowString
    main.o(i.main) refers to main.o(i.StateInit) for StateInit
    main.o(i.main) refers to main.o(i.PicInit) for PicInit
    main.o(i.main) refers to lcd.o(i.LCD_DrawLine) for LCD_DrawLine
    main.o(i.main) refers to rand.o(.emb_text) for rand
    main.o(i.main) refers to aeabi_sdiv.o(.text) for __aeabi_idivmod
    main.o(i.main) refers to main.o(i.DrawPic) for DrawPic
    main.o(i.main) refers to lcd.o(i.LCD_ShowNum) for LCD_ShowNum
    main.o(i.main) refers to main.o(i.DeletePic) for DeletePic
    main.o(i.main) refers to main.o(i.DrawPic_s) for DrawPic_s
    main.o(i.main) refers to lcd.o(.data) for POINT_COLOR
    main.o(i.main) refers to main.o(.data) for mode
    main.o(i.main) refers to main.o(i.LightOn) for LightOn
    main.o(i.main) refers to main.o(i.Crash) for Crash
    main.o(i.main) refers to main.o(i.LightOff) for LightOff
    main.o(i.main) refers to main.o(i.MoveDown) for MoveDown
    main.o(i.main) refers to main.o(i.MoveDown_s) for MoveDown_s
    main.o(i.main) refers to main.o(i.MoveLeft) for MoveLeft
    main.o(i.main) refers to main.o(i.MoveLeft_s) for MoveLeft_s
    main.o(i.main) refers to main.o(i.MoveRight) for MoveRight
    main.o(i.main) refers to main.o(i.MoveRight_s) for MoveRight_s
    main.o(i.main) refers to main.o(i.Change) for Change
    main.o(i.main) refers to main.o(i.Change_s) for Change_s
    main.o(i.main) refers to main.o(i.Change_w) for Change_w
    main.o(i.main) refers to main.o(i.Explode) for Explode
    main.o(i.main) refers to main.o(i.ClearLine) for ClearLine
    systick.o(i.SysTick_Handler) refers to systick.o(i.Set_SysTick_CTRL) for Set_SysTick_CTRL
    systick.o(i.SysTick_Handler) refers to main.o(.data) for count
    startup_armcm0.o(STACK) refers (Special) to heapauxi.o(.text) for __use_two_region_memory
    startup_armcm0.o(HEAP) refers (Special) to heapauxi.o(.text) for __use_two_region_memory
    startup_armcm0.o(RESET) refers (Special) to heapauxi.o(.text) for __use_two_region_memory
    startup_armcm0.o(RESET) refers to startup_armcm0.o(STACK) for __initial_sp
    startup_armcm0.o(RESET) refers to startup_armcm0.o(.text) for Reset_Handler
    startup_armcm0.o(RESET) refers to systick.o(i.SysTick_Handler) for SysTick_Handler
    startup_armcm0.o(.text) refers (Special) to heapauxi.o(.text) for __use_two_region_memory
    startup_armcm0.o(.text) refers to system_armcm0.o(i.SystemInit) for SystemInit
    startup_armcm0.o(.text) refers to __main.o(!!!main) for __main
    startup_armcm0.o(.text) refers to startup_armcm0.o(HEAP) for Heap_Mem
    startup_armcm0.o(.text) refers to startup_armcm0.o(STACK) for Stack_Mem
    system_armcm0.o(i.SystemCoreClockUpdate) refers to system_armcm0.o(.data) for SystemCoreClock
    system_armcm0.o(i.SystemInit) refers to system_armcm0.o(.data) for SystemCoreClock
    rand.o(.emb_text) refers (Special) to libinit2.o(.ARM.Collect$$libinit$$0000000D) for __rt_lib_init_rand_2
    rand.o(.emb_text) refers to rand.o(.text) for _rand_init
    rand.o(.emb_text) refers to rand.o(.bss) for _random_number_data
    rand.o(.text) refers (Special) to libinit2.o(.ARM.Collect$$libinit$$0000000D) for __rt_lib_init_rand_2
    rand.o(.text) refers to rand.o(.bss) for .bss
    rand.o(.bss) refers (Special) to libinit2.o(.ARM.Collect$$libinit$$0000000D) for __rt_lib_init_rand_2
    __main.o(!!!main) refers to __rtentry.o(.ARM.Collect$$rtentry$$00000000) for __rt_entry
    __rtentry.o(.ARM.Collect$$rtentry$$00000000) refers (Special) to __rtentry2.o(.ARM.Collect$$rtentry$$0000000A) for __rt_entry_li
    __rtentry.o(.ARM.Collect$$rtentry$$00000000) refers (Special) to __rtentry2.o(.ARM.Collect$$rtentry$$0000000D) for __rt_entry_main
    __rtentry.o(.ARM.Collect$$rtentry$$00000000) refers (Special) to __rtentry2.o(.ARM.Collect$$rtentry$$0000000C) for __rt_entry_postli_1
    __rtentry.o(.ARM.Collect$$rtentry$$00000000) refers (Special) to __rtentry2.o(.ARM.Collect$$rtentry$$00000009) for __rt_entry_postsh_1
    __rtentry.o(.ARM.Collect$$rtentry$$00000000) refers (Special) to __rtentry2.o(.ARM.Collect$$rtentry$$00000002) for __rt_entry_presh_1
    __rtentry.o(.ARM.Collect$$rtentry$$00000000) refers (Special) to __rtentry4.o(.ARM.Collect$$rtentry$$00000004) for __rt_entry_sh
    aeabi_idiv0_sigfpe.o(.text) refers to rt_div0.o(.text) for __rt_div0
    libinit2.o(.ARM.Collect$$libinit$$0000000D) refers (Weak) to rand.o(.text) for _rand_init
    libinit2.o(.ARM.Collect$$libinit$$00000010) refers to libinit2.o(.ARM.Collect$$libinit$$0000000F) for .ARM.Collect$$libinit$$0000000F
    libinit2.o(.ARM.Collect$$libinit$$00000012) refers to libinit2.o(.ARM.Collect$$libinit$$0000000F) for .ARM.Collect$$libinit$$0000000F
    libinit2.o(.ARM.Collect$$libinit$$00000014) refers to libinit2.o(.ARM.Collect$$libinit$$0000000F) for .ARM.Collect$$libinit$$0000000F
    libinit2.o(.ARM.Collect$$libinit$$00000016) refers to libinit2.o(.ARM.Collect$$libinit$$0000000F) for .ARM.Collect$$libinit$$0000000F
    libinit2.o(.ARM.Collect$$libinit$$00000018) refers to libinit2.o(.ARM.Collect$$libinit$$0000000F) for .ARM.Collect$$libinit$$0000000F
    libinit2.o(.ARM.Collect$$libinit$$00000026) refers to argv_veneer.o(.text) for __ARM_argv_veneer
    libinit2.o(.ARM.Collect$$libinit$$00000027) refers to argv_veneer.o(.text) for __ARM_argv_veneer
    __rtentry2.o(.ARM.Collect$$rtentry$$00000008) refers to boardinit2.o(.text) for _platform_post_stackheap_init
    __rtentry2.o(.ARM.Collect$$rtentry$$0000000A) refers to libinit.o(.ARM.Collect$$libinit$$00000000) for __rt_lib_init
    __rtentry2.o(.ARM.Collect$$rtentry$$0000000B) refers to boardinit3.o(.text) for _platform_post_lib_init
    __rtentry2.o(.ARM.Collect$$rtentry$$0000000D) refers to main.o(i.main) for main
    __rtentry2.o(.ARM.Collect$$rtentry$$0000000D) refers to exit.o(.text) for exit
    __rtentry2.o(.ARM.exidx) refers to __rtentry2.o(.ARM.Collect$$rtentry$$00000001) for .ARM.Collect$$rtentry$$00000001
    __rtentry2.o(.ARM.exidx) refers to __rtentry2.o(.ARM.Collect$$rtentry$$00000008) for .ARM.Collect$$rtentry$$00000008
    __rtentry2.o(.ARM.exidx) refers to __rtentry2.o(.ARM.Collect$$rtentry$$0000000A) for .ARM.Collect$$rtentry$$0000000A
    __rtentry2.o(.ARM.exidx) refers to __rtentry2.o(.ARM.Collect$$rtentry$$0000000B) for .ARM.Collect$$rtentry$$0000000B
    __rtentry2.o(.ARM.exidx) refers to __rtentry2.o(.ARM.Collect$$rtentry$$0000000D) for .ARM.Collect$$rtentry$$0000000D
    __rtentry4.o(.ARM.Collect$$rtentry$$00000004) refers to sys_stackheap_outer.o(.text) for __user_setup_stackheap
    __rtentry4.o(.ARM.exidx) refers to __rtentry4.o(.ARM.Collect$$rtentry$$00000004) for .ARM.Collect$$rtentry$$00000004
    rt_div0.o(.text) refers to defsig_fpe_outer.o(.text) for __rt_SIGFPE
    sys_stackheap_outer.o(.text) refers to libspace.o(.text) for __user_perproc_libspace
    sys_stackheap_outer.o(.text) refers to startup_armcm0.o(.text) for __user_initial_stackheap
    sys_stackheap_outer.o(__vectab_stack_and_reset_area) refers to tempstk.o(.text) for __temporary_stack_top
    sys_stackheap_outer.o(__vectab_stack_and_reset_area) refers to __main.o(!!!main) for __main
    exit.o(.text) refers to rtexit.o(.ARM.Collect$$rtexit$$00000000) for __rt_exit
    defsig_fpe_outer.o(.text) refers to defsig_fpe_inner.o(.text) for __rt_SIGFPE_inner
    defsig_fpe_outer.o(.text) refers to defsig_exit.o(.text) for __sig_exit
    defsig_fpe_formal.o(.text) refers to rt_raise.o(.text) for __rt_raise
    _get_argv_nomalloc.o(.text) refers (Special) to hrguard.o(.text) for __heap_region$guard
    _get_argv_nomalloc.o(.text) refers to defsig_rtmem_outer.o(.text) for __rt_SIGRTMEM
    _get_argv_nomalloc.o(.text) refers to sys_command.o(.text) for _sys_command_string
    libinit.o(.ARM.Collect$$libinit$$00000000) refers (Special) to libinit2.o(.ARM.Collect$$libinit$$0000002E) for __rt_lib_init_alloca_1
    libinit.o(.ARM.Collect$$libinit$$00000000) refers (Special) to libinit2.o(.ARM.Collect$$libinit$$0000002C) for __rt_lib_init_argv_1
    libinit.o(.ARM.Collect$$libinit$$00000000) refers (Special) to libinit2.o(.ARM.Collect$$libinit$$0000001B) for __rt_lib_init_atexit_1
    libinit.o(.ARM.Collect$$libinit$$00000000) refers (Special) to libinit2.o(.ARM.Collect$$libinit$$00000021) for __rt_lib_init_clock_1
    libinit.o(.ARM.Collect$$libinit$$00000000) refers (Special) to libinit2.o(.ARM.Collect$$libinit$$00000032) for __rt_lib_init_cpp_1
    libinit.o(.ARM.Collect$$libinit$$00000000) refers (Special) to libinit2.o(.ARM.Collect$$libinit$$00000030) for __rt_lib_init_exceptions_1
    libinit.o(.ARM.Collect$$libinit$$00000000) refers (Special) to libinit2.o(.ARM.Collect$$libinit$$00000002) for __rt_lib_init_fp_1
    libinit.o(.ARM.Collect$$libinit$$00000000) refers (Special) to libinit2.o(.ARM.Collect$$libinit$$0000001F) for __rt_lib_init_fp_trap_1
    libinit.o(.ARM.Collect$$libinit$$00000000) refers (Special) to libinit2.o(.ARM.Collect$$libinit$$00000023) for __rt_lib_init_getenv_1
    libinit.o(.ARM.Collect$$libinit$$00000000) refers (Special) to libinit2.o(.ARM.Collect$$libinit$$0000000A) for __rt_lib_init_heap_1
    libinit.o(.ARM.Collect$$libinit$$00000000) refers (Special) to libinit2.o(.ARM.Collect$$libinit$$00000011) for __rt_lib_init_lc_collate_1
    libinit.o(.ARM.Collect$$libinit$$00000000) refers (Special) to libinit2.o(.ARM.Collect$$libinit$$00000013) for __rt_lib_init_lc_ctype_1
    libinit.o(.ARM.Collect$$libinit$$00000000) refers (Special) to libinit2.o(.ARM.Collect$$libinit$$00000015) for __rt_lib_init_lc_monetary_1
    libinit.o(.ARM.Collect$$libinit$$00000000) refers (Special) to libinit2.o(.ARM.Collect$$libinit$$00000017) for __rt_lib_init_lc_numeric_1
    libinit.o(.ARM.Collect$$libinit$$00000000) refers (Special) to libinit2.o(.ARM.Collect$$libinit$$00000019) for __rt_lib_init_lc_time_1
    libinit.o(.ARM.Collect$$libinit$$00000000) refers (Special) to libinit2.o(.ARM.Collect$$libinit$$00000004) for __rt_lib_init_preinit_1
    libinit.o(.ARM.Collect$$libinit$$00000000) refers (Special) to libinit2.o(.ARM.Collect$$libinit$$0000000E) for __rt_lib_init_rand_1
    libinit.o(.ARM.Collect$$libinit$$00000000) refers (Special) to libinit2.o(.ARM.Collect$$libinit$$00000033) for __rt_lib_init_return
    libinit.o(.ARM.Collect$$libinit$$00000000) refers (Special) to libinit2.o(.ARM.Collect$$libinit$$0000001D) for __rt_lib_init_signal_1
    libinit.o(.ARM.Collect$$libinit$$00000000) refers (Special) to libinit2.o(.ARM.Collect$$libinit$$00000025) for __rt_lib_init_stdio_1
    libinit.o(.ARM.Collect$$libinit$$00000000) refers (Special) to libinit2.o(.ARM.Collect$$libinit$$0000000C) for __rt_lib_init_user_alloc_1
    sys_command.o(.text) refers (Special) to use_no_semi.o(.text) for __I$use$semihosting
    sys_command.o(.text) refers (Special) to indicate_semi.o(.text) for __semihosting_library_function
    libspace.o(.text) refers to libspace.o(.bss) for __libspace_start
    rtexit.o(.ARM.Collect$$rtexit$$00000000) refers (Special) to rtexit2.o(.ARM.Collect$$rtexit$$00000004) for __rt_exit_exit
    rtexit.o(.ARM.Collect$$rtexit$$00000000) refers (Special) to rtexit2.o(.ARM.Collect$$rtexit$$00000003) for __rt_exit_ls
    rtexit.o(.ARM.Collect$$rtexit$$00000000) refers (Special) to rtexit2.o(.ARM.Collect$$rtexit$$00000002) for __rt_exit_prels_1
    rtexit.o(.ARM.exidx) refers (Special) to rtexit2.o(.ARM.Collect$$rtexit$$00000004) for __rt_exit_exit
    rtexit.o(.ARM.exidx) refers (Special) to rtexit2.o(.ARM.Collect$$rtexit$$00000003) for __rt_exit_ls
    rtexit.o(.ARM.exidx) refers (Special) to rtexit2.o(.ARM.Collect$$rtexit$$00000002) for __rt_exit_prels_1
    rtexit.o(.ARM.exidx) refers to rtexit.o(.ARM.Collect$$rtexit$$00000000) for .ARM.Collect$$rtexit$$00000000
    rt_raise.o(.text) refers to __raise.o(.text) for __raise
    rt_raise.o(.text) refers to sys_exit.o(.text) for _sys_exit
    defsig_exit.o(.text) refers to sys_exit.o(.text) for _sys_exit
    defsig_fpe_inner.o(.text) refers to defsig_general.o(.text) for __default_signal_display
    defsig_rtmem_outer.o(.text) refers to defsig_rtmem_inner.o(.text) for __rt_SIGRTMEM_inner
    defsig_rtmem_outer.o(.text) refers to defsig_exit.o(.text) for __sig_exit
    defsig_rtmem_formal.o(.text) refers to rt_raise.o(.text) for __rt_raise
    sys_exit.o(.text) refers (Special) to use_no_semi.o(.text) for __I$use$semihosting
    sys_exit.o(.text) refers (Special) to indicate_semi.o(.text) for __semihosting_library_function
    rtexit2.o(.ARM.Collect$$rtexit$$00000003) refers to libshutdown.o(.ARM.Collect$$libshutdown$$00000000) for __rt_lib_shutdown
    rtexit2.o(.ARM.Collect$$rtexit$$00000004) refers to sys_exit.o(.text) for _sys_exit
    rtexit2.o(.ARM.exidx) refers to rtexit2.o(.ARM.Collect$$rtexit$$00000001) for .ARM.Collect$$rtexit$$00000001
    rtexit2.o(.ARM.exidx) refers to rtexit2.o(.ARM.Collect$$rtexit$$00000003) for .ARM.Collect$$rtexit$$00000003
    rtexit2.o(.ARM.exidx) refers to rtexit2.o(.ARM.Collect$$rtexit$$00000004) for .ARM.Collect$$rtexit$$00000004
    __raise.o(.text) refers to defsig.o(CL$$defsig) for __default_signal_handler
    defsig_general.o(.text) refers to sys_wrch.o(.text) for _ttywrch
    defsig_rtmem_inner.o(.text) refers to defsig_general.o(.text) for __default_signal_display
    sys_wrch.o(.text) refers (Special) to use_no_semi.o(.text) for __I$use$semihosting
    sys_wrch.o(.text) refers (Special) to indicate_semi.o(.text) for __semihosting_library_function
    defsig.o(CL$$defsig) refers to defsig_fpe_inner.o(.text) for __rt_SIGFPE_inner
    defsig.o(CL$$defsig) refers to defsig_rtmem_inner.o(.text) for __rt_SIGRTMEM_inner
    libshutdown.o(.ARM.Collect$$libshutdown$$00000000) refers (Special) to libshutdown2.o(.ARM.Collect$$libshutdown$$00000004) for __rt_lib_shutdown_cpp_1
    libshutdown.o(.ARM.Collect$$libshutdown$$00000000) refers (Special) to libshutdown2.o(.ARM.Collect$$libshutdown$$00000002) for __rt_lib_shutdown_fini_1
    libshutdown.o(.ARM.Collect$$libshutdown$$00000000) refers (Special) to libshutdown2.o(.ARM.Collect$$libshutdown$$00000009) for __rt_lib_shutdown_fp_trap_1
    libshutdown.o(.ARM.Collect$$libshutdown$$00000000) refers (Special) to libshutdown2.o(.ARM.Collect$$libshutdown$$00000011) for __rt_lib_shutdown_heap_1
    libshutdown.o(.ARM.Collect$$libshutdown$$00000000) refers (Special) to libshutdown2.o(.ARM.Collect$$libshutdown$$00000012) for __rt_lib_shutdown_return
    libshutdown.o(.ARM.Collect$$libshutdown$$00000000) refers (Special) to libshutdown2.o(.ARM.Collect$$libshutdown$$0000000C) for __rt_lib_shutdown_signal_1
    libshutdown.o(.ARM.Collect$$libshutdown$$00000000) refers (Special) to libshutdown2.o(.ARM.Collect$$libshutdown$$00000006) for __rt_lib_shutdown_stdio_1
    libshutdown.o(.ARM.Collect$$libshutdown$$00000000) refers (Special) to libshutdown2.o(.ARM.Collect$$libshutdown$$0000000E) for __rt_lib_shutdown_user_alloc_1
    defsig_abrt_inner.o(.text) refers to defsig_general.o(.text) for __default_signal_display
    defsig_rtred_inner.o(.text) refers to defsig_general.o(.text) for __default_signal_display
    defsig_stak_inner.o(.text) refers to defsig_general.o(.text) for __default_signal_display
    defsig_pvfn_inner.o(.text) refers to defsig_general.o(.text) for __default_signal_display
    defsig_cppl_inner.o(.text) refers to defsig_general.o(.text) for __default_signal_display
    defsig_segv_inner.o(.text) refers to defsig_general.o(.text) for __default_signal_display
    defsig_other.o(.text) refers to defsig_general.o(.text) for __default_signal_display


==============================================================================

Removing Unused input sections from the image.

    Removing code_def.o(i.ReadUART), (10 bytes).
    Removing code_def.o(i.ReadUARTState), (10 bytes).
    Removing code_def.o(i.UARTHandle), (44 bytes).
    Removing code_def.o(i.UARTString), (28 bytes).
    Removing code_def.o(i.WriteUART), (22 bytes).
    Removing lcd.o(i.LCD_Color_Fill), (116 bytes).
    Removing lcd.o(i.LCD_DisplayOff), (10 bytes).
    Removing lcd.o(i.LCD_DisplayOn), (10 bytes).
    Removing lcd.o(i.LCD_Set_Window), (260 bytes).
    Removing lcd.o(i.LCD_ShowxNum), (208 bytes).
    Removing lcd.o(i.LCD_WriteRAM), (40 bytes).
    Removing lcd.o(i.opt_delay), (14 bytes).
    Removing systick.o(i.Read_SysTick_VALUE), (12 bytes).
    Removing systick.o(i.Set_SysTick_CALIB), (12 bytes).
    Removing systick.o(i.Timer_Ini), (44 bytes).
    Removing systick.o(i.Timer_Stop), (36 bytes).
    Removing system_armcm0.o(.rev16_text), (4 bytes).
    Removing system_armcm0.o(.revsh_text), (4 bytes).
    Removing system_armcm0.o(i.SystemCoreClockUpdate), (16 bytes).

19 unused section(s) (total 900 bytes) removed from the image.

==============================================================================

Image Symbol Table

    Local Symbols

    Symbol Name                              Value     Ov Type        Size  Object(Section)

    RESET                                    0x00000000   Section      192  startup_armcm0.o(RESET)
    ../clib/../cmprslib/zerorunl2.c          0x00000000   Number         0  __dczerorl2.o ABSOLUTE
    ../clib/angel/boardlib.s                 0x00000000   Number         0  boardinit3.o ABSOLUTE
    ../clib/angel/boardlib.s                 0x00000000   Number         0  boardinit2.o ABSOLUTE
    ../clib/angel/boardlib.s                 0x00000000   Number         0  boardinit1.o ABSOLUTE
    ../clib/angel/boardlib.s                 0x00000000   Number         0  boardshut.o ABSOLUTE
    ../clib/angel/handlers.s                 0x00000000   Number         0  __scatter_zi.o ABSOLUTE
    ../clib/angel/kernel.s                   0x00000000   Number         0  __rtentry.o ABSOLUTE
    ../clib/angel/kernel.s                   0x00000000   Number         0  rtexit2.o ABSOLUTE
    ../clib/angel/kernel.s                   0x00000000   Number         0  __rtentry4.o ABSOLUTE
    ../clib/angel/kernel.s                   0x00000000   Number         0  __rtentry2.o ABSOLUTE
    ../clib/angel/kernel.s                   0x00000000   Number         0  rtexit.o ABSOLUTE
    ../clib/angel/rt.s                       0x00000000   Number         0  aeabi_idiv0_sigfpe.o ABSOLUTE
    ../clib/angel/rt.s                       0x00000000   Number         0  rt_div0.o ABSOLUTE
    ../clib/angel/rt.s                       0x00000000   Number         0  aeabi_idiv0.o ABSOLUTE
    ../clib/angel/rt.s                       0x00000000   Number         0  rt_raise.o ABSOLUTE
    ../clib/angel/scatterp.s                 0x00000000   Number         0  __scatter.o ABSOLUTE
    ../clib/angel/startup.s                  0x00000000   Number         0  __main.o ABSOLUTE
    ../clib/angel/sys.s                      0x00000000   Number         0  libspace.o ABSOLUTE
    ../clib/angel/sys.s                      0x00000000   Number         0  use_no_semi.o ABSOLUTE
    ../clib/angel/sys.s                      0x00000000   Number         0  tempstk.o ABSOLUTE
    ../clib/angel/sys.s                      0x00000000   Number         0  indicate_semi.o ABSOLUTE
    ../clib/angel/sys.s                      0x00000000   Number         0  sys_stackheap_outer.o ABSOLUTE
    ../clib/angel/sysapp.c                   0x00000000   Number         0  sys_command.o ABSOLUTE
    ../clib/angel/sysapp.c                   0x00000000   Number         0  sys_exit.o ABSOLUTE
    ../clib/angel/sysapp.c                   0x00000000   Number         0  sys_wrch.o ABSOLUTE
    ../clib/armsys.c                         0x00000000   Number         0  no_argv.o ABSOLUTE
    ../clib/armsys.c                         0x00000000   Number         0  _get_argv_nomalloc.o ABSOLUTE
    ../clib/armsys.c                         0x00000000   Number         0  argv_veneer.o ABSOLUTE
    ../clib/division.s                       0x00000000   Number         0  aeabi_sdiv.o ABSOLUTE
    ../clib/division.s                       0x00000000   Number         0  aeabi_sdiv_div0.o ABSOLUTE
    ../clib/heapalloc.c                      0x00000000   Number         0  hrguard.o ABSOLUTE
    ../clib/heapaux.c                        0x00000000   Number         0  heapauxi.o ABSOLUTE
    ../clib/libinit.s                        0x00000000   Number         0  libshutdown.o ABSOLUTE
    ../clib/libinit.s                        0x00000000   Number         0  libinit.o ABSOLUTE
    ../clib/libinit.s                        0x00000000   Number         0  libshutdown2.o ABSOLUTE
    ../clib/libinit.s                        0x00000000   Number         0  libinit2.o ABSOLUTE
    ../clib/signal.c                         0x00000000   Number         0  defsig_rtred_inner.o ABSOLUTE
    ../clib/signal.c                         0x00000000   Number         0  defsig_other.o ABSOLUTE
    ../clib/signal.c                         0x00000000   Number         0  defsig_segv_inner.o ABSOLUTE
    ../clib/signal.c                         0x00000000   Number         0  defsig_cppl_inner.o ABSOLUTE
    ../clib/signal.c                         0x00000000   Number         0  defsig_pvfn_inner.o ABSOLUTE
    ../clib/signal.c                         0x00000000   Number         0  defsig_stak_inner.o ABSOLUTE
    ../clib/signal.c                         0x00000000   Number         0  defsig_abrt_inner.o ABSOLUTE
    ../clib/signal.c                         0x00000000   Number         0  defsig_rtmem_inner.o ABSOLUTE
    ../clib/signal.c                         0x00000000   Number         0  defsig_general.o ABSOLUTE
    ../clib/signal.c                         0x00000000   Number         0  __raise.o ABSOLUTE
    ../clib/signal.c                         0x00000000   Number         0  defsig_rtmem_formal.o ABSOLUTE
    ../clib/signal.c                         0x00000000   Number         0  defsig_rtmem_outer.o ABSOLUTE
    ../clib/signal.c                         0x00000000   Number         0  defsig_fpe_inner.o ABSOLUTE
    ../clib/signal.c                         0x00000000   Number         0  defsig_exit.o ABSOLUTE
    ../clib/signal.c                         0x00000000   Number         0  defsig_fpe_formal.o ABSOLUTE
    ../clib/signal.c                         0x00000000   Number         0  defsig_fpe_outer.o ABSOLUTE
    ../clib/signal.s                         0x00000000   Number         0  defsig.o ABSOLUTE
    ../clib/stdlib.c                         0x00000000   Number         0  exit.o ABSOLUTE
    ../clib/stdlib.c                         0x00000000   Number         0  rand.o ABSOLUTE
    ../clib/stdlib.c                         0x00000000   Number         0  rand.o ABSOLUTE
    ../clib/string.c                         0x00000000   Number         0  strlen.o ABSOLUTE
    ../fplib/cfplib/fpinit.c                 0x00000000   Number         0  fpinit.o ABSOLUTE
    ..\code_def.c                            0x00000000   Number         0  code_def.o ABSOLUTE
    ..\gpio.c                                0x00000000   Number         0  gpio.o ABSOLUTE
    ..\lcd.c                                 0x00000000   Number         0  lcd.o ABSOLUTE
    ..\main.c                                0x00000000   Number         0  main.o ABSOLUTE
    ..\systick.c                             0x00000000   Number         0  systick.o ABSOLUTE
    RTE\Device\ARMCM0\startup_ARMCM0.s       0x00000000   Number         0  startup_armcm0.o ABSOLUTE
    RTE\Device\ARMCM0\system_ARMCM0.c        0x00000000   Number         0  system_armcm0.o ABSOLUTE
    RTE\\Device\\ARMCM0\\system_ARMCM0.c     0x00000000   Number         0  system_armcm0.o ABSOLUTE
    dc.s                                     0x00000000   Number         0  dc.o ABSOLUTE
    !!!main                                  0x000000c0   Section        8  __main.o(!!!main)
    !!!scatter                               0x000000c8   Section       60  __scatter.o(!!!scatter)
    !!handler_zi                             0x00000104   Section       28  __scatter_zi.o(!!handler_zi)
    .ARM.Collect$$libinit$$00000000          0x00000120   Section        2  libinit.o(.ARM.Collect$$libinit$$00000000)
    .ARM.Collect$$libinit$$00000002          0x00000122   Section        0  libinit2.o(.ARM.Collect$$libinit$$00000002)
    .ARM.Collect$$libinit$$00000004          0x00000122   Section        0  libinit2.o(.ARM.Collect$$libinit$$00000004)
    .ARM.Collect$$libinit$$0000000A          0x00000122   Section        0  libinit2.o(.ARM.Collect$$libinit$$0000000A)
    .ARM.Collect$$libinit$$0000000C          0x00000122   Section        0  libinit2.o(.ARM.Collect$$libinit$$0000000C)
    .ARM.Collect$$libinit$$0000000D          0x00000122   Section        4  libinit2.o(.ARM.Collect$$libinit$$0000000D)
    .ARM.Collect$$libinit$$0000000E          0x00000126   Section        0  libinit2.o(.ARM.Collect$$libinit$$0000000E)
    .ARM.Collect$$libinit$$00000011          0x00000126   Section        0  libinit2.o(.ARM.Collect$$libinit$$00000011)
    .ARM.Collect$$libinit$$00000013          0x00000126   Section        0  libinit2.o(.ARM.Collect$$libinit$$00000013)
    .ARM.Collect$$libinit$$00000015          0x00000126   Section        0  libinit2.o(.ARM.Collect$$libinit$$00000015)
    .ARM.Collect$$libinit$$00000017          0x00000126   Section        0  libinit2.o(.ARM.Collect$$libinit$$00000017)
    .ARM.Collect$$libinit$$00000019          0x00000126   Section        0  libinit2.o(.ARM.Collect$$libinit$$00000019)
    .ARM.Collect$$libinit$$0000001B          0x00000126   Section        0  libinit2.o(.ARM.Collect$$libinit$$0000001B)
    .ARM.Collect$$libinit$$0000001D          0x00000126   Section        0  libinit2.o(.ARM.Collect$$libinit$$0000001D)
    .ARM.Collect$$libinit$$0000001F          0x00000126   Section        0  libinit2.o(.ARM.Collect$$libinit$$0000001F)
    .ARM.Collect$$libinit$$00000021          0x00000126   Section        0  libinit2.o(.ARM.Collect$$libinit$$00000021)
    .ARM.Collect$$libinit$$00000023          0x00000126   Section        0  libinit2.o(.ARM.Collect$$libinit$$00000023)
    .ARM.Collect$$libinit$$00000025          0x00000126   Section        0  libinit2.o(.ARM.Collect$$libinit$$00000025)
    .ARM.Collect$$libinit$$0000002C          0x00000126   Section        0  libinit2.o(.ARM.Collect$$libinit$$0000002C)
    .ARM.Collect$$libinit$$0000002E          0x00000126   Section        0  libinit2.o(.ARM.Collect$$libinit$$0000002E)
    .ARM.Collect$$libinit$$00000030          0x00000126   Section        0  libinit2.o(.ARM.Collect$$libinit$$00000030)
    .ARM.Collect$$libinit$$00000032          0x00000126   Section        0  libinit2.o(.ARM.Collect$$libinit$$00000032)
    .ARM.Collect$$libinit$$00000033          0x00000126   Section        2  libinit2.o(.ARM.Collect$$libinit$$00000033)
    .ARM.Collect$$libshutdown$$00000000      0x00000128   Section        2  libshutdown.o(.ARM.Collect$$libshutdown$$00000000)
    .ARM.Collect$$libshutdown$$00000002      0x0000012a   Section        0  libshutdown2.o(.ARM.Collect$$libshutdown$$00000002)
    .ARM.Collect$$libshutdown$$00000004      0x0000012a   Section        0  libshutdown2.o(.ARM.Collect$$libshutdown$$00000004)
    .ARM.Collect$$libshutdown$$00000006      0x0000012a   Section        0  libshutdown2.o(.ARM.Collect$$libshutdown$$00000006)
    .ARM.Collect$$libshutdown$$00000009      0x0000012a   Section        0  libshutdown2.o(.ARM.Collect$$libshutdown$$00000009)
    .ARM.Collect$$libshutdown$$0000000C      0x0000012a   Section        0  libshutdown2.o(.ARM.Collect$$libshutdown$$0000000C)
    .ARM.Collect$$libshutdown$$0000000E      0x0000012a   Section        0  libshutdown2.o(.ARM.Collect$$libshutdown$$0000000E)
    .ARM.Collect$$libshutdown$$00000011      0x0000012a   Section        0  libshutdown2.o(.ARM.Collect$$libshutdown$$00000011)
    .ARM.Collect$$libshutdown$$00000012      0x0000012a   Section        2  libshutdown2.o(.ARM.Collect$$libshutdown$$00000012)
    .ARM.Collect$$rtentry$$00000000          0x0000012c   Section        0  __rtentry.o(.ARM.Collect$$rtentry$$00000000)
    .ARM.Collect$$rtentry$$00000002          0x0000012c   Section        0  __rtentry2.o(.ARM.Collect$$rtentry$$00000002)
    .ARM.Collect$$rtentry$$00000004          0x0000012c   Section        6  __rtentry4.o(.ARM.Collect$$rtentry$$00000004)
    .ARM.Collect$$rtentry$$00000009          0x00000132   Section        0  __rtentry2.o(.ARM.Collect$$rtentry$$00000009)
    .ARM.Collect$$rtentry$$0000000A          0x00000132   Section        4  __rtentry2.o(.ARM.Collect$$rtentry$$0000000A)
    .ARM.Collect$$rtentry$$0000000C          0x00000136   Section        0  __rtentry2.o(.ARM.Collect$$rtentry$$0000000C)
    .ARM.Collect$$rtentry$$0000000D          0x00000136   Section        8  __rtentry2.o(.ARM.Collect$$rtentry$$0000000D)
    .ARM.Collect$$rtexit$$00000000           0x0000013e   Section        2  rtexit.o(.ARM.Collect$$rtexit$$00000000)
    .ARM.Collect$$rtexit$$00000002           0x00000140   Section        0  rtexit2.o(.ARM.Collect$$rtexit$$00000002)
    .ARM.Collect$$rtexit$$00000003           0x00000140   Section        4  rtexit2.o(.ARM.Collect$$rtexit$$00000003)
    .ARM.Collect$$rtexit$$00000004           0x00000144   Section        6  rtexit2.o(.ARM.Collect$$rtexit$$00000004)
    .emb_text                                0x0000014c   Section       56  rand.o(.emb_text)
    .text                                    0x00000184   Section       56  startup_armcm0.o(.text)
    .text                                    0x000001bc   Section        0  rand.o(.text)
    .text                                    0x000001f8   Section      346  aeabi_sdiv.o(.text)
    .text                                    0x00000352   Section        0  heapauxi.o(.text)
    .text                                    0x00000358   Section       62  sys_stackheap_outer.o(.text)
    .text                                    0x00000396   Section        0  exit.o(.text)
    .text                                    0x000003a8   Section        8  libspace.o(.text)
    .text                                    0x000003b0   Section        0  sys_exit.o(.text)
    .text                                    0x000003bc   Section        2  use_no_semi.o(.text)
    .text                                    0x000003be   Section        0  __dczerorl2.o(.text)
    .text                                    0x000003be   Section        0  indicate_semi.o(.text)
    i.Change                                 0x00000414   Section        0  main.o(i.Change)
    i.Change_s                               0x000005d4   Section        0  main.o(i.Change_s)
    i.Change_w                               0x0000078a   Section        0  main.o(i.Change_w)
    i.ClearLine                              0x000007f8   Section        0  main.o(i.ClearLine)
    i.Crash                                  0x00000890   Section        0  main.o(i.Crash)
    i.DeleteBox                              0x00000964   Section        0  main.o(i.DeleteBox)
    i.DeleteBox_s                            0x000009e4   Section        0  main.o(i.DeleteBox_s)
    i.DeleteLine                             0x000009fc   Section        0  main.o(i.DeleteLine)
    i.DeletePic                              0x00000a1e   Section        0  main.o(i.DeletePic)
    i.DeletePic_s                            0x00000da2   Section        0  main.o(i.DeletePic_s)
    i.DrawBox                                0x00001128   Section        0  main.o(i.DrawBox)
    i.DrawBox_s                              0x000012e4   Section        0  main.o(i.DrawBox_s)
    i.DrawPic                                0x000012fc   Section        0  main.o(i.DrawPic)
    i.DrawPic_s                              0x0000171c   Section        0  main.o(i.DrawPic_s)
    i.ExchangeLine                           0x00001aa0   Section        0  main.o(i.ExchangeLine)
    i.Explode                                0x00001c28   Section        0  main.o(i.Explode)
    i.LCD_Clear                              0x00001e00   Section        0  lcd.o(i.LCD_Clear)
    i.LCD_Display_Dir                        0x00001e88   Section        0  lcd.o(i.LCD_Display_Dir)
    i.LCD_DrawLine                           0x00001f00   Section        0  lcd.o(i.LCD_DrawLine)
    i.LCD_DrawPoint                          0x00001fb4   Section        0  lcd.o(i.LCD_DrawPoint)
    i.LCD_DrawRectangle                      0x00001ff0   Section        0  lcd.o(i.LCD_DrawRectangle)
    i.LCD_Fast_DrawPoint                     0x0000202c   Section        0  lcd.o(i.LCD_Fast_DrawPoint)
    i.LCD_Fill                               0x000020e8   Section        0  lcd.o(i.LCD_Fill)
    i.LCD_Init                               0x00002154   Section        0  lcd.o(i.LCD_Init)
    i.LCD_Pow                                0x000023dc   Section        0  lcd.o(i.LCD_Pow)
    i.LCD_RD_DATA                            0x000023f8   Section        0  lcd.o(i.LCD_RD_DATA)
    i.LCD_ReadReg                            0x00002424   Section        0  lcd.o(i.LCD_ReadReg)
    i.LCD_Scan_Dir                           0x0000243c   Section        0  lcd.o(i.LCD_Scan_Dir)
    i.LCD_SetCursor                          0x00002868   Section        0  lcd.o(i.LCD_SetCursor)
    i.LCD_ShowChar                           0x000028f0   Section        0  lcd.o(i.LCD_ShowChar)
    i.LCD_ShowNum                            0x00002a0c   Section        0  lcd.o(i.LCD_ShowNum)
    i.LCD_ShowString                         0x00002aa6   Section        0  lcd.o(i.LCD_ShowString)
    i.LCD_WR_DATAX                           0x00002b0c   Section        0  lcd.o(i.LCD_WR_DATAX)
    i.LCD_WR_REG                             0x00002b44   Section        0  lcd.o(i.LCD_WR_REG)
    i.LCD_WriteRAM_Prepare                   0x00002b7c   Section        0  lcd.o(i.LCD_WriteRAM_Prepare)
    i.LCD_WriteReg                           0x00002b8c   Section        0  lcd.o(i.LCD_WriteReg)
    i.LightOff                               0x00002bbc   Section        0  main.o(i.LightOff)
    i.LightOn                                0x00002c24   Section        0  main.o(i.LightOn)
    i.MakeData                               0x00002c90   Section        0  lcd.o(i.MakeData)
    i.MoveDown                               0x00002d18   Section        0  main.o(i.MoveDown)
    i.MoveDown_s                             0x00002d38   Section        0  main.o(i.MoveDown_s)
    i.MoveLeft                               0x00002d58   Section        0  main.o(i.MoveLeft)
    i.MoveLeft_s                             0x00002d78   Section        0  main.o(i.MoveLeft_s)
    i.MoveRight                              0x00002d98   Section        0  main.o(i.MoveRight)
    i.MoveRight_s                            0x00002db8   Section        0  main.o(i.MoveRight_s)
    i.PicInit                                0x00002dd8   Section        0  main.o(i.PicInit)
    i.ReadData                               0x00002ea0   Section        0  lcd.o(i.ReadData)
    i.SYSInit                                0x00002ec4   Section        0  code_def.o(i.SYSInit)
    i.SelectColor                            0x00002ed8   Section        0  main.o(i.SelectColor)
    i.Set_SysTick_CTRL                       0x00002f54   Section        0  systick.o(i.Set_SysTick_CTRL)
    i.Set_SysTick_LOAD                       0x00002f60   Section        0  systick.o(i.Set_SysTick_LOAD)
    i.Set_SysTick_VALUE                      0x00002f6c   Section        0  systick.o(i.Set_SysTick_VALUE)
    i.StateInit                              0x00002f78   Section        0  main.o(i.StateInit)
    i.SysTick_Handler                        0x00003094   Section        0  systick.o(i.SysTick_Handler)
    i.SystemInit                             0x000030e0   Section        0  system_armcm0.o(i.SystemInit)
    i.__ARM_common_switch8                   0x000030f0   Section        0  lcd.o(i.__ARM_common_switch8)
    i.delay                                  0x0000310c   Section        0  code_def.o(i.delay)
    i.main                                   0x0000312c   Section        0  main.o(i.main)
    .constdata                               0x00003900   Section     6080  lcd.o(.constdata)
    .data                                    0x20000000   Section        4  lcd.o(.data)
    .data                                    0x20000004   Section      335  main.o(.data)
    .data                                    0x20000154   Section        4  system_armcm0.o(.data)
    .bss                                     0x20000158   Section       14  lcd.o(.bss)
    .bss                                     0x20000166   Section      264  main.o(.bss)
    .bss                                     0x20000270   Section      228  rand.o(.bss)
    .bss                                     0x20000354   Section       96  libspace.o(.bss)
    HEAP                                     0x200003c0   Section     1024  startup_armcm0.o(HEAP)
    Heap_Mem                                 0x200003c0   Data        1024  startup_armcm0.o(HEAP)
    STACK                                    0x200007c0   Section     1024  startup_armcm0.o(STACK)
    Stack_Mem                                0x200007c0   Data        1024  startup_armcm0.o(STACK)
    __initial_sp                             0x20000bc0   Data           0  startup_armcm0.o(STACK)

    Global Symbols

    Symbol Name                              Value     Ov Type        Size  Object(Section)

    BuildAttributes$$THM_ISAv3M$S$PE$A:L22$X:L11$S22$IEEE1$IW$USESV6$~STKCKD$USESV7$~SHL$OSPACE$ROPI$EBA8$UX$STANDARDLIB$REQ8$PRES8$EABIv2 0x00000000   Number         0  anon$$obj.o ABSOLUTE
    __ARM_use_no_argv                        0x00000000   Number         0  main.o ABSOLUTE
    __Vectors                                0x00000000   Data           4  startup_armcm0.o(RESET)
    __ARM_exceptions_init                     - Undefined Weak Reference
    __alloca_initialize                       - Undefined Weak Reference
    __arm_fini_                               - Undefined Weak Reference
    __arm_preinit_                            - Undefined Weak Reference
    __cpp_initialize__aeabi_                  - Undefined Weak Reference
    __cxa_finalize                            - Undefined Weak Reference
    __rt_locale                               - Undefined Weak Reference
    __sigvec_lookup                           - Undefined Weak Reference
    _atexit_init                              - Undefined Weak Reference
    _call_atexit_fns                          - Undefined Weak Reference
    _clock_init                               - Undefined Weak Reference
    _fp_trap_init                             - Undefined Weak Reference
    _fp_trap_shutdown                         - Undefined Weak Reference
    _get_lc_collate                           - Undefined Weak Reference
    _get_lc_ctype                             - Undefined Weak Reference
    _get_lc_monetary                          - Undefined Weak Reference
    _get_lc_numeric                           - Undefined Weak Reference
    _get_lc_time                              - Undefined Weak Reference
    _getenv_init                              - Undefined Weak Reference
    _handle_redirection                       - Undefined Weak Reference
    _init_alloc                               - Undefined Weak Reference
    _init_user_alloc                          - Undefined Weak Reference
    _initio                                   - Undefined Weak Reference
    _signal_finish                            - Undefined Weak Reference
    _signal_init                              - Undefined Weak Reference
    _terminate_alloc                          - Undefined Weak Reference
    _terminate_user_alloc                     - Undefined Weak Reference
    _terminateio                              - Undefined Weak Reference
    __Vectors_End                            0x000000c0   Data           0  startup_armcm0.o(RESET)
    __Vectors_Size                           0x000000c0   Number         0  startup_armcm0.o ABSOLUTE
    __main                                   0x000000c1   Thumb Code     8  __main.o(!!!main)
    __scatterload                            0x000000c9   Thumb Code     0  __scatter.o(!!!scatter)
    __scatterload_rt2                        0x000000c9   Thumb Code    52  __scatter.o(!!!scatter)
    __scatterload_rt2_thumb_only             0x000000c9   Thumb Code     0  __scatter.o(!!!scatter)
    __scatterload_null                       0x000000d9   Thumb Code     0  __scatter.o(!!!scatter)
    __scatterload_zeroinit                   0x00000105   Thumb Code    28  __scatter_zi.o(!!handler_zi)
    __rt_lib_init                            0x00000121   Thumb Code     0  libinit.o(.ARM.Collect$$libinit$$00000000)
    __rt_lib_init_fp_1                       0x00000123   Thumb Code     0  libinit2.o(.ARM.Collect$$libinit$$00000002)
    __rt_lib_init_heap_1                     0x00000123   Thumb Code     0  libinit2.o(.ARM.Collect$$libinit$$0000000A)
    __rt_lib_init_preinit_1                  0x00000123   Thumb Code     0  libinit2.o(.ARM.Collect$$libinit$$00000004)
    __rt_lib_init_rand_2                     0x00000123   Thumb Code     0  libinit2.o(.ARM.Collect$$libinit$$0000000D)
    __rt_lib_init_user_alloc_1               0x00000123   Thumb Code     0  libinit2.o(.ARM.Collect$$libinit$$0000000C)
    __rt_lib_init_alloca_1                   0x00000127   Thumb Code     0  libinit2.o(.ARM.Collect$$libinit$$0000002E)
    __rt_lib_init_argv_1                     0x00000127   Thumb Code     0  libinit2.o(.ARM.Collect$$libinit$$0000002C)
    __rt_lib_init_atexit_1                   0x00000127   Thumb Code     0  libinit2.o(.ARM.Collect$$libinit$$0000001B)
    __rt_lib_init_clock_1                    0x00000127   Thumb Code     0  libinit2.o(.ARM.Collect$$libinit$$00000021)
    __rt_lib_init_cpp_1                      0x00000127   Thumb Code     0  libinit2.o(.ARM.Collect$$libinit$$00000032)
    __rt_lib_init_exceptions_1               0x00000127   Thumb Code     0  libinit2.o(.ARM.Collect$$libinit$$00000030)
    __rt_lib_init_fp_trap_1                  0x00000127   Thumb Code     0  libinit2.o(.ARM.Collect$$libinit$$0000001F)
    __rt_lib_init_getenv_1                   0x00000127   Thumb Code     0  libinit2.o(.ARM.Collect$$libinit$$00000023)
    __rt_lib_init_lc_collate_1               0x00000127   Thumb Code     0  libinit2.o(.ARM.Collect$$libinit$$00000011)
    __rt_lib_init_lc_ctype_1                 0x00000127   Thumb Code     0  libinit2.o(.ARM.Collect$$libinit$$00000013)
    __rt_lib_init_lc_monetary_1              0x00000127   Thumb Code     0  libinit2.o(.ARM.Collect$$libinit$$00000015)
    __rt_lib_init_lc_numeric_1               0x00000127   Thumb Code     0  libinit2.o(.ARM.Collect$$libinit$$00000017)
    __rt_lib_init_lc_time_1                  0x00000127   Thumb Code     0  libinit2.o(.ARM.Collect$$libinit$$00000019)
    __rt_lib_init_rand_1                     0x00000127   Thumb Code     0  libinit2.o(.ARM.Collect$$libinit$$0000000E)
    __rt_lib_init_return                     0x00000127   Thumb Code     0  libinit2.o(.ARM.Collect$$libinit$$00000033)
    __rt_lib_init_signal_1                   0x00000127   Thumb Code     0  libinit2.o(.ARM.Collect$$libinit$$0000001D)
    __rt_lib_init_stdio_1                    0x00000127   Thumb Code     0  libinit2.o(.ARM.Collect$$libinit$$00000025)
    __rt_lib_shutdown                        0x00000129   Thumb Code     0  libshutdown.o(.ARM.Collect$$libshutdown$$00000000)
    __rt_lib_shutdown_cpp_1                  0x0000012b   Thumb Code     0  libshutdown2.o(.ARM.Collect$$libshutdown$$00000004)
    __rt_lib_shutdown_fini_1                 0x0000012b   Thumb Code     0  libshutdown2.o(.ARM.Collect$$libshutdown$$00000002)
    __rt_lib_shutdown_fp_trap_1              0x0000012b   Thumb Code     0  libshutdown2.o(.ARM.Collect$$libshutdown$$00000009)
    __rt_lib_shutdown_heap_1                 0x0000012b   Thumb Code     0  libshutdown2.o(.ARM.Collect$$libshutdown$$00000011)
    __rt_lib_shutdown_return                 0x0000012b   Thumb Code     0  libshutdown2.o(.ARM.Collect$$libshutdown$$00000012)
    __rt_lib_shutdown_signal_1               0x0000012b   Thumb Code     0  libshutdown2.o(.ARM.Collect$$libshutdown$$0000000C)
    __rt_lib_shutdown_stdio_1                0x0000012b   Thumb Code     0  libshutdown2.o(.ARM.Collect$$libshutdown$$00000006)
    __rt_lib_shutdown_user_alloc_1           0x0000012b   Thumb Code     0  libshutdown2.o(.ARM.Collect$$libshutdown$$0000000E)
    __rt_entry                               0x0000012d   Thumb Code     0  __rtentry.o(.ARM.Collect$$rtentry$$00000000)
    __rt_entry_presh_1                       0x0000012d   Thumb Code     0  __rtentry2.o(.ARM.Collect$$rtentry$$00000002)
    __rt_entry_sh                            0x0000012d   Thumb Code     0  __rtentry4.o(.ARM.Collect$$rtentry$$00000004)
    __rt_entry_li                            0x00000133   Thumb Code     0  __rtentry2.o(.ARM.Collect$$rtentry$$0000000A)
    __rt_entry_postsh_1                      0x00000133   Thumb Code     0  __rtentry2.o(.ARM.Collect$$rtentry$$00000009)
    __rt_entry_main                          0x00000137   Thumb Code     0  __rtentry2.o(.ARM.Collect$$rtentry$$0000000D)
    __rt_entry_postli_1                      0x00000137   Thumb Code     0  __rtentry2.o(.ARM.Collect$$rtentry$$0000000C)
    __rt_exit                                0x0000013f   Thumb Code     0  rtexit.o(.ARM.Collect$$rtexit$$00000000)
    __rt_exit_ls                             0x00000141   Thumb Code     0  rtexit2.o(.ARM.Collect$$rtexit$$00000003)
    __rt_exit_prels_1                        0x00000141   Thumb Code     0  rtexit2.o(.ARM.Collect$$rtexit$$00000002)
    __rt_exit_exit                           0x00000145   Thumb Code     0  rtexit2.o(.ARM.Collect$$rtexit$$00000004)
    rand                                     0x0000014d   Thumb Code    52  rand.o(.emb_text)
    Reset_Handler                            0x00000185   Thumb Code     8  startup_armcm0.o(.text)
    NMI_Handler                              0x0000018d   Thumb Code     2  startup_armcm0.o(.text)
    HardFault_Handler                        0x0000018f   Thumb Code     2  startup_armcm0.o(.text)
    SVC_Handler                              0x00000191   Thumb Code     2  startup_armcm0.o(.text)
    PendSV_Handler                           0x00000193   Thumb Code     2  startup_armcm0.o(.text)
    AACI_IRQHandler                          0x00000197   Thumb Code     0  startup_armcm0.o(.text)
    CAN_IRQHandler                           0x00000197   Thumb Code     0  startup_armcm0.o(.text)
    CHLCD_IRQHandler                         0x00000197   Thumb Code     0  startup_armcm0.o(.text)
    CLCD_IRQHandler                          0x00000197   Thumb Code     0  startup_armcm0.o(.text)
    CPU_CLCD_IRQHandler                      0x00000197   Thumb Code     0  startup_armcm0.o(.text)
    ENET_IRQHandler                          0x00000197   Thumb Code     0  startup_armcm0.o(.text)
    FLEXRAY_IRQHandler                       0x00000197   Thumb Code     0  startup_armcm0.o(.text)
    I2C_IRQHandler                           0x00000197   Thumb Code     0  startup_armcm0.o(.text)
    LIN_IRQHandler                           0x00000197   Thumb Code     0  startup_armcm0.o(.text)
    MCIA_IRQHandler                          0x00000197   Thumb Code     0  startup_armcm0.o(.text)
    MCIB_IRQHandler                          0x00000197   Thumb Code     0  startup_armcm0.o(.text)
    RTC_IRQHandler                           0x00000197   Thumb Code     0  startup_armcm0.o(.text)
    SPI_IRQHandler                           0x00000197   Thumb Code     0  startup_armcm0.o(.text)
    TIM0_IRQHandler                          0x00000197   Thumb Code     0  startup_armcm0.o(.text)
    TIM2_IRQHandler                          0x00000197   Thumb Code     0  startup_armcm0.o(.text)
    UART0_IRQHandler                         0x00000197   Thumb Code     0  startup_armcm0.o(.text)
    UART1_IRQHandler                         0x00000197   Thumb Code     0  startup_armcm0.o(.text)
    UART2_IRQHandler                         0x00000197   Thumb Code     0  startup_armcm0.o(.text)
    UART3_IRQHandler                         0x00000197   Thumb Code     0  startup_armcm0.o(.text)
    UART4_IRQHandler                         0x00000197   Thumb Code     0  startup_armcm0.o(.text)
    USBDC_IRQHandler                         0x00000197   Thumb Code     0  startup_armcm0.o(.text)
    USBHC_IRQHandler                         0x00000197   Thumb Code     0  startup_armcm0.o(.text)
    WDT_IRQHandler                           0x00000197   Thumb Code     0  startup_armcm0.o(.text)
    __user_initial_stackheap                 0x00000199   Thumb Code    10  startup_armcm0.o(.text)
    srand                                    0x000001bd   Thumb Code    44  rand.o(.text)
    _rand_init                               0x000001e9   Thumb Code     4  rand.o(.text)
    __aeabi_uidiv                            0x000001f9   Thumb Code     0  aeabi_sdiv.o(.text)
    __aeabi_uidivmod                         0x000001f9   Thumb Code    20  aeabi_sdiv.o(.text)
    __aeabi_idiv                             0x0000020d   Thumb Code     0  aeabi_sdiv.o(.text)
    __aeabi_idivmod                          0x0000020d   Thumb Code   326  aeabi_sdiv.o(.text)
    __use_two_region_memory                  0x00000353   Thumb Code     2  heapauxi.o(.text)
    __rt_heap_escrow$2region                 0x00000355   Thumb Code     2  heapauxi.o(.text)
    __rt_heap_expand$2region                 0x00000357   Thumb Code     2  heapauxi.o(.text)
    __user_setup_stackheap                   0x00000359   Thumb Code    62  sys_stackheap_outer.o(.text)
    exit                                     0x00000397   Thumb Code    16  exit.o(.text)
    __user_libspace                          0x000003a9   Thumb Code     8  libspace.o(.text)
    __user_perproc_libspace                  0x000003a9   Thumb Code     0  libspace.o(.text)
    __user_perthread_libspace                0x000003a9   Thumb Code     0  libspace.o(.text)
    _sys_exit                                0x000003b1   Thumb Code     8  sys_exit.o(.text)
    __I$use$semihosting                      0x000003bd   Thumb Code     0  use_no_semi.o(.text)
    __use_no_semihosting_swi                 0x000003bd   Thumb Code     2  use_no_semi.o(.text)
    __decompress                             0x000003bf   Thumb Code     0  __dczerorl2.o(.text)
    __decompress1                            0x000003bf   Thumb Code    86  __dczerorl2.o(.text)
    __semihosting_library_function           0x000003bf   Thumb Code     0  indicate_semi.o(.text)
    Change                                   0x00000415   Thumb Code   448  main.o(i.Change)
    Change_s                                 0x000005d5   Thumb Code   438  main.o(i.Change_s)
    Change_w                                 0x0000078b   Thumb Code   110  main.o(i.Change_w)
    ClearLine                                0x000007f9   Thumb Code   142  main.o(i.ClearLine)
    Crash                                    0x00000891   Thumb Code   208  main.o(i.Crash)
    DeleteBox                                0x00000965   Thumb Code   116  main.o(i.DeleteBox)
    DeleteBox_s                              0x000009e5   Thumb Code    18  main.o(i.DeleteBox_s)
    DeleteLine                               0x000009fd   Thumb Code    34  main.o(i.DeleteLine)
    DeletePic                                0x00000a1f   Thumb Code   900  main.o(i.DeletePic)
    DeletePic_s                              0x00000da3   Thumb Code   900  main.o(i.DeletePic_s)
    DrawBox                                  0x00001129   Thumb Code   424  main.o(i.DrawBox)
    DrawBox_s                                0x000012e5   Thumb Code    18  main.o(i.DrawBox_s)
    DrawPic                                  0x000012fd   Thumb Code  1056  main.o(i.DrawPic)
    DrawPic_s                                0x0000171d   Thumb Code   900  main.o(i.DrawPic_s)
    ExchangeLine                             0x00001aa1   Thumb Code   382  main.o(i.ExchangeLine)
    Explode                                  0x00001c29   Thumb Code   462  main.o(i.Explode)
    LCD_Clear                                0x00001e01   Thumb Code   122  lcd.o(i.LCD_Clear)
    LCD_Display_Dir                          0x00001e89   Thumb Code   106  lcd.o(i.LCD_Display_Dir)
    LCD_DrawLine                             0x00001f01   Thumb Code   178  lcd.o(i.LCD_DrawLine)
    LCD_DrawPoint                            0x00001fb5   Thumb Code    50  lcd.o(i.LCD_DrawPoint)
    LCD_DrawRectangle                        0x00001ff1   Thumb Code    60  lcd.o(i.LCD_DrawRectangle)
    LCD_Fast_DrawPoint                       0x0000202d   Thumb Code   180  lcd.o(i.LCD_Fast_DrawPoint)
    LCD_Fill                                 0x000020e9   Thumb Code   102  lcd.o(i.LCD_Fill)
    LCD_Init                                 0x00002155   Thumb Code   622  lcd.o(i.LCD_Init)
    LCD_Pow                                  0x000023dd   Thumb Code    26  lcd.o(i.LCD_Pow)
    LCD_RD_DATA                              0x000023f9   Thumb Code    40  lcd.o(i.LCD_RD_DATA)
    LCD_ReadReg                              0x00002425   Thumb Code    24  lcd.o(i.LCD_ReadReg)
    LCD_Scan_Dir                             0x0000243d   Thumb Code  1066  lcd.o(i.LCD_Scan_Dir)
    LCD_SetCursor                            0x00002869   Thumb Code   128  lcd.o(i.LCD_SetCursor)
    LCD_ShowChar                             0x000028f1   Thumb Code   258  lcd.o(i.LCD_ShowChar)
    LCD_ShowNum                              0x00002a0d   Thumb Code   154  lcd.o(i.LCD_ShowNum)
    LCD_ShowString                           0x00002aa7   Thumb Code   102  lcd.o(i.LCD_ShowString)
    LCD_WR_DATAX                             0x00002b0d   Thumb Code    52  lcd.o(i.LCD_WR_DATAX)
    LCD_WR_REG                               0x00002b45   Thumb Code    50  lcd.o(i.LCD_WR_REG)
    LCD_WriteRAM_Prepare                     0x00002b7d   Thumb Code    12  lcd.o(i.LCD_WriteRAM_Prepare)
    LCD_WriteReg                             0x00002b8d   Thumb Code    42  lcd.o(i.LCD_WriteReg)
    LightOff                                 0x00002bbd   Thumb Code   100  main.o(i.LightOff)
    LightOn                                  0x00002c25   Thumb Code   104  main.o(i.LightOn)
    MakeData                                 0x00002c91   Thumb Code   130  lcd.o(i.MakeData)
    MoveDown                                 0x00002d19   Thumb Code    32  main.o(i.MoveDown)
    MoveDown_s                               0x00002d39   Thumb Code    32  main.o(i.MoveDown_s)
    MoveLeft                                 0x00002d59   Thumb Code    32  main.o(i.MoveLeft)
    MoveLeft_s                               0x00002d79   Thumb Code    32  main.o(i.MoveLeft_s)
    MoveRight                                0x00002d99   Thumb Code    32  main.o(i.MoveRight)
    MoveRight_s                              0x00002db9   Thumb Code    32  main.o(i.MoveRight_s)
    PicInit                                  0x00002dd9   Thumb Code   180  main.o(i.PicInit)
    ReadData                                 0x00002ea1   Thumb Code    32  lcd.o(i.ReadData)
    SYSInit                                  0x00002ec5   Thumb Code    16  code_def.o(i.SYSInit)
    SelectColor                              0x00002ed9   Thumb Code   104  main.o(i.SelectColor)
    Set_SysTick_CTRL                         0x00002f55   Thumb Code     6  systick.o(i.Set_SysTick_CTRL)
    Set_SysTick_LOAD                         0x00002f61   Thumb Code     6  systick.o(i.Set_SysTick_LOAD)
    Set_SysTick_VALUE                        0x00002f6d   Thumb Code     6  systick.o(i.Set_SysTick_VALUE)
    StateInit                                0x00002f79   Thumb Code   272  main.o(i.StateInit)
    SysTick_Handler                          0x00003095   Thumb Code    62  systick.o(i.SysTick_Handler)
    SystemInit                               0x000030e1   Thumb Code     8  system_armcm0.o(i.SystemInit)
    __ARM_common_switch8                     0x000030f1   Thumb Code    28  lcd.o(i.__ARM_common_switch8)
    delay                                    0x0000310d   Thumb Code    32  code_def.o(i.delay)
    main                                     0x0000312d   Thumb Code  1940  main.o(i.main)
    asc2_1206                                0x00003900   Data        1140  lcd.o(.constdata)
    asc2_1608                                0x00003d74   Data        1520  lcd.o(.constdata)
    asc2_2412                                0x00004364   Data        3420  lcd.o(.constdata)
    Region$$Table$$Base                      0x000050c0   Number         0  anon$$obj.o(Region$$Table)
    Region$$Table$$Limit                     0x000050e0   Number         0  anon$$obj.o(Region$$Table)
    POINT_COLOR                              0x20000000   Data           2  lcd.o(.data)
    BACK_COLOR                               0x20000002   Data           2  lcd.o(.data)
    i_time                                   0x20000004   Data           2  main.o(.data)
    count                                    0x20000006   Data           2  main.o(.data)
    score                                    0x20000008   Data           2  main.o(.data)
    falltime                                 0x2000000a   Data           2  main.o(.data)
    mode                                     0x2000000c   Data           1  main.o(.data)
    level                                    0x2000000d   Data           1  main.o(.data)
    State                                    0x2000000e   Data         325  main.o(.data)
    SystemCoreClock                          0x20000154   Data           4  system_armcm0.o(.data)
    lcddev                                   0x20000158   Data          14  lcd.o(.bss)
    Color                                    0x20000166   Data         264  main.o(.bss)
    _random_number_data                      0x20000270   Data         228  rand.o(.bss)
    __libspace_start                         0x20000354   Data          96  libspace.o(.bss)
    __temporary_stack_top$libspace           0x200003b4   Data           0  libspace.o(.bss)



==============================================================================

Memory Map of the image

  Image Entry point : 0x000000c1

  Load Region LR_IROM1 (Base: 0x00000000, Size: 0x00005238, Max: 0x00020000, ABSOLUTE, COMPRESSED[0x000050f8])

    Execution Region ER_IROM1 (Exec base: 0x00000000, Load base: 0x00000000, Size: 0x000050e0, Max: 0x00020000, ABSOLUTE)

    Exec Addr    Load Addr    Size         Type   Attr      Idx    E Section Name        Object

    0x00000000   0x00000000   0x000000c0   Data   RO          514    RESET               startup_armcm0.o
    0x000000c0   0x000000c0   0x00000008   Code   RO          582  * !!!main             c_p.l(__main.o)
    0x000000c8   0x000000c8   0x0000003c   Code   RO          755    !!!scatter          c_p.l(__scatter.o)
    0x00000104   0x00000104   0x0000001c   Code   RO          757    !!handler_zi        c_p.l(__scatter_zi.o)
    0x00000120   0x00000120   0x00000002   Code   RO          673    .ARM.Collect$$libinit$$00000000  c_p.l(libinit.o)
    0x00000122   0x00000122   0x00000000   Code   RO          590    .ARM.Collect$$libinit$$00000002  c_p.l(libinit2.o)
    0x00000122   0x00000122   0x00000000   Code   RO          592    .ARM.Collect$$libinit$$00000004  c_p.l(libinit2.o)
    0x00000122   0x00000122   0x00000000   Code   RO          595    .ARM.Collect$$libinit$$0000000A  c_p.l(libinit2.o)
    0x00000122   0x00000122   0x00000000   Code   RO          597    .ARM.Collect$$libinit$$0000000C  c_p.l(libinit2.o)
    0x00000122   0x00000122   0x00000004   Code   RO          598    .ARM.Collect$$libinit$$0000000D  c_p.l(libinit2.o)
    0x00000126   0x00000126   0x00000000   Code   RO          599    .ARM.Collect$$libinit$$0000000E  c_p.l(libinit2.o)
    0x00000126   0x00000126   0x00000000   Code   RO          602    .ARM.Collect$$libinit$$00000011  c_p.l(libinit2.o)
    0x00000126   0x00000126   0x00000000   Code   RO          604    .ARM.Collect$$libinit$$00000013  c_p.l(libinit2.o)
    0x00000126   0x00000126   0x00000000   Code   RO          606    .ARM.Collect$$libinit$$00000015  c_p.l(libinit2.o)
    0x00000126   0x00000126   0x00000000   Code   RO          608    .ARM.Collect$$libinit$$00000017  c_p.l(libinit2.o)
    0x00000126   0x00000126   0x00000000   Code   RO          610    .ARM.Collect$$libinit$$00000019  c_p.l(libinit2.o)
    0x00000126   0x00000126   0x00000000   Code   RO          612    .ARM.Collect$$libinit$$0000001B  c_p.l(libinit2.o)
    0x00000126   0x00000126   0x00000000   Code   RO          614    .ARM.Collect$$libinit$$0000001D  c_p.l(libinit2.o)
    0x00000126   0x00000126   0x00000000   Code   RO          616    .ARM.Collect$$libinit$$0000001F  c_p.l(libinit2.o)
    0x00000126   0x00000126   0x00000000   Code   RO          618    .ARM.Collect$$libinit$$00000021  c_p.l(libinit2.o)
    0x00000126   0x00000126   0x00000000   Code   RO          620    .ARM.Collect$$libinit$$00000023  c_p.l(libinit2.o)
    0x00000126   0x00000126   0x00000000   Code   RO          622    .ARM.Collect$$libinit$$00000025  c_p.l(libinit2.o)
    0x00000126   0x00000126   0x00000000   Code   RO          626    .ARM.Collect$$libinit$$0000002C  c_p.l(libinit2.o)
    0x00000126   0x00000126   0x00000000   Code   RO          628    .ARM.Collect$$libinit$$0000002E  c_p.l(libinit2.o)
    0x00000126   0x00000126   0x00000000   Code   RO          630    .ARM.Collect$$libinit$$00000030  c_p.l(libinit2.o)
    0x00000126   0x00000126   0x00000000   Code   RO          632    .ARM.Collect$$libinit$$00000032  c_p.l(libinit2.o)
    0x00000126   0x00000126   0x00000002   Code   RO          633    .ARM.Collect$$libinit$$00000033  c_p.l(libinit2.o)
    0x00000128   0x00000128   0x00000002   Code   RO          718    .ARM.Collect$$libshutdown$$00000000  c_p.l(libshutdown.o)
    0x0000012a   0x0000012a   0x00000000   Code   RO          734    .ARM.Collect$$libshutdown$$00000002  c_p.l(libshutdown2.o)
    0x0000012a   0x0000012a   0x00000000   Code   RO          736    .ARM.Collect$$libshutdown$$00000004  c_p.l(libshutdown2.o)
    0x0000012a   0x0000012a   0x00000000   Code   RO          738    .ARM.Collect$$libshutdown$$00000006  c_p.l(libshutdown2.o)
    0x0000012a   0x0000012a   0x00000000   Code   RO          741    .ARM.Collect$$libshutdown$$00000009  c_p.l(libshutdown2.o)
    0x0000012a   0x0000012a   0x00000000   Code   RO          744    .ARM.Collect$$libshutdown$$0000000C  c_p.l(libshutdown2.o)
    0x0000012a   0x0000012a   0x00000000   Code   RO          746    .ARM.Collect$$libshutdown$$0000000E  c_p.l(libshutdown2.o)
    0x0000012a   0x0000012a   0x00000000   Code   RO          749    .ARM.Collect$$libshutdown$$00000011  c_p.l(libshutdown2.o)
    0x0000012a   0x0000012a   0x00000002   Code   RO          750    .ARM.Collect$$libshutdown$$00000012  c_p.l(libshutdown2.o)
    0x0000012c   0x0000012c   0x00000000   Code   RO          584    .ARM.Collect$$rtentry$$00000000  c_p.l(__rtentry.o)
    0x0000012c   0x0000012c   0x00000000   Code   RO          635    .ARM.Collect$$rtentry$$00000002  c_p.l(__rtentry2.o)
    0x0000012c   0x0000012c   0x00000006   Code   RO          647    .ARM.Collect$$rtentry$$00000004  c_p.l(__rtentry4.o)
    0x00000132   0x00000132   0x00000000   Code   RO          637    .ARM.Collect$$rtentry$$00000009  c_p.l(__rtentry2.o)
    0x00000132   0x00000132   0x00000004   Code   RO          638    .ARM.Collect$$rtentry$$0000000A  c_p.l(__rtentry2.o)
    0x00000136   0x00000136   0x00000000   Code   RO          640    .ARM.Collect$$rtentry$$0000000C  c_p.l(__rtentry2.o)
    0x00000136   0x00000136   0x00000008   Code   RO          641    .ARM.Collect$$rtentry$$0000000D  c_p.l(__rtentry2.o)
    0x0000013e   0x0000013e   0x00000002   Code   RO          680    .ARM.Collect$$rtexit$$00000000  c_p.l(rtexit.o)
    0x00000140   0x00000140   0x00000000   Code   RO          700    .ARM.Collect$$rtexit$$00000002  c_p.l(rtexit2.o)
    0x00000140   0x00000140   0x00000004   Code   RO          701    .ARM.Collect$$rtexit$$00000003  c_p.l(rtexit2.o)
    0x00000144   0x00000144   0x00000006   Code   RO          702    .ARM.Collect$$rtexit$$00000004  c_p.l(rtexit2.o)
    0x0000014a   0x0000014a   0x00000002   PAD
    0x0000014c   0x0000014c   0x00000038   Code   RO          569    .emb_text           c_p.l(rand.o)
    0x00000184   0x00000184   0x00000038   Code   RO          515    .text               startup_armcm0.o
    0x000001bc   0x000001bc   0x0000003c   Code   RO          570    .text               c_p.l(rand.o)
    0x000001f8   0x000001f8   0x0000015a   Code   RO          576    .text               c_p.l(aeabi_sdiv.o)
    0x00000352   0x00000352   0x00000006   Code   RO          580    .text               c_p.l(heapauxi.o)
    0x00000358   0x00000358   0x0000003e   Code   RO          655    .text               c_p.l(sys_stackheap_outer.o)
    0x00000396   0x00000396   0x00000010   Code   RO          658    .text               c_p.l(exit.o)
    0x000003a6   0x000003a6   0x00000002   PAD
    0x000003a8   0x000003a8   0x00000008   Code   RO          676    .text               c_p.l(libspace.o)
    0x000003b0   0x000003b0   0x0000000c   Code   RO          694    .text               c_p.l(sys_exit.o)
    0x000003bc   0x000003bc   0x00000002   Code   RO          696    .text               c_p.l(use_no_semi.o)
    0x000003be   0x000003be   0x00000000   Code   RO          698    .text               c_p.l(indicate_semi.o)
    0x000003be   0x000003be   0x00000056   Code   RO          753    .text               c_p.l(__dczerorl2.o)
    0x00000414   0x00000414   0x000001c0   Code   RO          259    i.Change            main.o
    0x000005d4   0x000005d4   0x000001b6   Code   RO          260    i.Change_s          main.o
    0x0000078a   0x0000078a   0x0000006e   Code   RO          261    i.Change_w          main.o
    0x000007f8   0x000007f8   0x00000098   Code   RO          262    i.ClearLine         main.o
    0x00000890   0x00000890   0x000000d4   Code   RO          263    i.Crash             main.o
    0x00000964   0x00000964   0x00000080   Code   RO          264    i.DeleteBox         main.o
    0x000009e4   0x000009e4   0x00000018   Code   RO          265    i.DeleteBox_s       main.o
    0x000009fc   0x000009fc   0x00000022   Code   RO          266    i.DeleteLine        main.o
    0x00000a1e   0x00000a1e   0x00000384   Code   RO          267    i.DeletePic         main.o
    0x00000da2   0x00000da2   0x00000384   Code   RO          268    i.DeletePic_s       main.o
    0x00001126   0x00001126   0x00000002   PAD
    0x00001128   0x00001128   0x000001bc   Code   RO          269    i.DrawBox           main.o
    0x000012e4   0x000012e4   0x00000018   Code   RO          270    i.DrawBox_s         main.o
    0x000012fc   0x000012fc   0x00000420   Code   RO          271    i.DrawPic           main.o
    0x0000171c   0x0000171c   0x00000384   Code   RO          272    i.DrawPic_s         main.o
    0x00001aa0   0x00001aa0   0x00000188   Code   RO          273    i.ExchangeLine      main.o
    0x00001c28   0x00001c28   0x000001d8   Code   RO          274    i.Explode           main.o
    0x00001e00   0x00001e00   0x00000088   Code   RO           61    i.LCD_Clear         lcd.o
    0x00001e88   0x00001e88   0x00000078   Code   RO           65    i.LCD_Display_Dir   lcd.o
    0x00001f00   0x00001f00   0x000000b2   Code   RO           66    i.LCD_DrawLine      lcd.o
    0x00001fb2   0x00001fb2   0x00000002   PAD
    0x00001fb4   0x00001fb4   0x0000003c   Code   RO           67    i.LCD_DrawPoint     lcd.o
    0x00001ff0   0x00001ff0   0x0000003c   Code   RO           68    i.LCD_DrawRectangle  lcd.o
    0x0000202c   0x0000202c   0x000000bc   Code   RO           69    i.LCD_Fast_DrawPoint  lcd.o
    0x000020e8   0x000020e8   0x0000006c   Code   RO           70    i.LCD_Fill          lcd.o
    0x00002154   0x00002154   0x00000288   Code   RO           71    i.LCD_Init          lcd.o
    0x000023dc   0x000023dc   0x0000001a   Code   RO           72    i.LCD_Pow           lcd.o
    0x000023f6   0x000023f6   0x00000002   PAD
    0x000023f8   0x000023f8   0x0000002c   Code   RO           73    i.LCD_RD_DATA       lcd.o
    0x00002424   0x00002424   0x00000018   Code   RO           74    i.LCD_ReadReg       lcd.o
    0x0000243c   0x0000243c   0x0000042a   Code   RO           75    i.LCD_Scan_Dir      lcd.o
    0x00002866   0x00002866   0x00000002   PAD
    0x00002868   0x00002868   0x00000088   Code   RO           76    i.LCD_SetCursor     lcd.o
    0x000028f0   0x000028f0   0x0000011c   Code   RO           78    i.LCD_ShowChar      lcd.o
    0x00002a0c   0x00002a0c   0x0000009a   Code   RO           79    i.LCD_ShowNum       lcd.o
    0x00002aa6   0x00002aa6   0x00000066   Code   RO           80    i.LCD_ShowString    lcd.o
    0x00002b0c   0x00002b0c   0x00000038   Code   RO           82    i.LCD_WR_DATAX      lcd.o
    0x00002b44   0x00002b44   0x00000038   Code   RO           83    i.LCD_WR_REG        lcd.o
    0x00002b7c   0x00002b7c   0x00000010   Code   RO           85    i.LCD_WriteRAM_Prepare  lcd.o
    0x00002b8c   0x00002b8c   0x00000030   Code   RO           86    i.LCD_WriteReg      lcd.o
    0x00002bbc   0x00002bbc   0x00000068   Code   RO          275    i.LightOff          main.o
    0x00002c24   0x00002c24   0x0000006c   Code   RO          276    i.LightOn           main.o
    0x00002c90   0x00002c90   0x00000088   Code   RO           87    i.MakeData          lcd.o
    0x00002d18   0x00002d18   0x00000020   Code   RO          277    i.MoveDown          main.o
    0x00002d38   0x00002d38   0x00000020   Code   RO          278    i.MoveDown_s        main.o
    0x00002d58   0x00002d58   0x00000020   Code   RO          279    i.MoveLeft          main.o
    0x00002d78   0x00002d78   0x00000020   Code   RO          280    i.MoveLeft_s        main.o
    0x00002d98   0x00002d98   0x00000020   Code   RO          281    i.MoveRight         main.o
    0x00002db8   0x00002db8   0x00000020   Code   RO          282    i.MoveRight_s       main.o
    0x00002dd8   0x00002dd8   0x000000c8   Code   RO          283    i.PicInit           main.o
    0x00002ea0   0x00002ea0   0x00000024   Code   RO           88    i.ReadData          lcd.o
    0x00002ec4   0x00002ec4   0x00000014   Code   RO            3    i.SYSInit           code_def.o
    0x00002ed8   0x00002ed8   0x0000007c   Code   RO          284    i.SelectColor       main.o
    0x00002f54   0x00002f54   0x0000000c   Code   RO          450    i.Set_SysTick_CTRL  systick.o
    0x00002f60   0x00002f60   0x0000000c   Code   RO          451    i.Set_SysTick_LOAD  systick.o
    0x00002f6c   0x00002f6c   0x0000000c   Code   RO          452    i.Set_SysTick_VALUE  systick.o
    0x00002f78   0x00002f78   0x0000011c   Code   RO          285    i.StateInit         main.o
    0x00003094   0x00003094   0x0000004c   Code   RO          453    i.SysTick_Handler   systick.o
    0x000030e0   0x000030e0   0x00000010   Code   RO          523    i.SystemInit        system_armcm0.o
    0x000030f0   0x000030f0   0x0000001c   Code   RO          243    i.__ARM_common_switch8  lcd.o
    0x0000310c   0x0000310c   0x00000020   Code   RO            7    i.delay             code_def.o
    0x0000312c   0x0000312c   0x000007d4   Code   RO          286    i.main              main.o
    0x00003900   0x00003900   0x000017c0   Data   RO           91    .constdata          lcd.o
    0x000050c0   0x000050c0   0x00000020   Data   RO          751    Region$$Table       anon$$obj.o


    Execution Region RW_IRAM1 (Exec base: 0x20000000, Load base: 0x000050e0, Size: 0x00000bc0, Max: 0x00020000, ABSOLUTE, COMPRESSED[0x00000018])

    Exec Addr    Load Addr    Size         Type   Attr      Idx    E Section Name        Object

    0x20000000   COMPRESSED   0x00000004   Data   RW           92    .data               lcd.o
    0x20000004   COMPRESSED   0x0000014f   Data   RW          288    .data               main.o
    0x20000153   COMPRESSED   0x00000001   PAD
    0x20000154   COMPRESSED   0x00000004   Data   RW          524    .data               system_armcm0.o
    0x20000158        -       0x0000000e   Zero   RW           90    .bss                lcd.o
    0x20000166        -       0x00000108   Zero   RW          287    .bss                main.o
    0x2000026e   COMPRESSED   0x00000002   PAD
    0x20000270        -       0x000000e4   Zero   RW          571    .bss                c_p.l(rand.o)
    0x20000354        -       0x00000060   Zero   RW          677    .bss                c_p.l(libspace.o)
    0x200003b4   COMPRESSED   0x0000000c   PAD
    0x200003c0        -       0x00000400   Zero   RW          513    HEAP                startup_armcm0.o
    0x200007c0        -       0x00000400   Zero   RW          512    STACK               startup_armcm0.o


==============================================================================

Image component sizes


      Code (inc. data)   RO Data    RW Data    ZI Data      Debug   Object Name

        52          4          0          0          0       5354   code_def.o
      3710        206       6080          4         14      18892   lcd.o
      9650        662          0        335        264      19956   main.o
        56         26        192          0       2048        696   startup_armcm0.o
        16          8          0          4          0        647   system_armcm0.o
       112         32          0          0          0       1688   systick.o

    ----------------------------------------------------------------------
     13604        938       6304        344       2328      47233   Object Totals
         0          0         32          0          0          0   (incl. Generated)
         8          0          0          1          2          0   (incl. Padding)

    ----------------------------------------------------------------------

      Code (inc. data)   RO Data    RW Data    ZI Data      Debug   Library Member Name

        86          0          0          0          0          0   __dczerorl2.o
         8          0          0          0          0         68   __main.o
         0          0          0          0          0          0   __rtentry.o
        12          0          0          0          0          0   __rtentry2.o
         6          0          0          0          0          0   __rtentry4.o
        60          8          0          0          0          0   __scatter.o
        28          0          0          0          0          0   __scatter_zi.o
       346          0          0          0          0         92   aeabi_sdiv.o
        16          0          0          0          0         68   exit.o
         6          0          0          0          0        136   heapauxi.o
         0          0          0          0          0          0   indicate_semi.o
         2          0          0          0          0          0   libinit.o
         6          0          0          0          0          0   libinit2.o
         2          0          0          0          0          0   libshutdown.o
         2          0          0          0          0          0   libshutdown2.o
         8          4          0          0         96         68   libspace.o
       116         16          0          0        228        156   rand.o
         2          0          0          0          0          0   rtexit.o
        10          0          0          0          0          0   rtexit2.o
        12          4          0          0          0         60   sys_exit.o
        62          0          0          0          0         80   sys_stackheap_outer.o
         2          0          0          0          0         68   use_no_semi.o

    ----------------------------------------------------------------------
       796         32          0          0        336        796   Library Totals
         4          0          0          0         12          0   (incl. Padding)

    ----------------------------------------------------------------------

      Code (inc. data)   RO Data    RW Data    ZI Data      Debug   Library Name

       792         32          0          0        324        796   c_p.l

    ----------------------------------------------------------------------
       796         32          0          0        336        796   Library Totals

    ----------------------------------------------------------------------

==============================================================================


      Code (inc. data)   RO Data    RW Data    ZI Data      Debug   

     14400        970       6304        344       2664      45373   Grand Totals
     14400        970       6304         24       2664      45373   ELF Image Totals (compressed)
     14400        970       6304         24          0          0   ROM Totals

==============================================================================

    Total RO  Size (Code + RO Data)                20704 (  20.22kB)
    Total RW  Size (RW Data + ZI Data)              3008 (   2.94kB)
    Total ROM Size (Code + RO Data + RW Data)      20728 (  20.24kB)

==============================================================================

